00:00 +0: loading D:/WakePoint/test/active_route_manager_complex_test.dart
00:00 +0: D:/WakePoint/test/active_route_manager_complex_test.dart: ActiveRouteManager complex deviations and merge Five deviations, merge back to route1, then deviate again to route2
00:00 +0: D:/WakePoint/test/active_route_manager_test.dart: ActiveRouteManager switching Switch from A to B then back to A with hysteresis

===== ActiveRouteManager: A -> B -> A with hysteresis =====
Γ₧í∩╕Å  Active set to A
Γ₧í∩╕Å  Move along A near (0, 0.003)
00:00 +1: D:/WakePoint/test/active_route_manager_complex_test.dart: ActiveRouteManager complex deviations and merge Five deviations, merge back to route1, then deviate again to route2
00:00 +2: D:/WakePoint/test/active_route_manager_complex_test.dart: ActiveRouteManager complex deviations and merge Five deviations, merge back to route1, then deviate again to route2
00:00 +3: D:/WakePoint/test/active_route_manager_complex_test.dart: ActiveRouteManager complex deviations and merge Five deviations, merge back to route1, then deviate again to route2
00:00 +4: D:/WakePoint/test/active_route_manager_complex_test.dart: ActiveRouteManager complex deviations and merge Five deviations, merge back to route1, then deviate again to route2
00:00 +5: D:/WakePoint/test/active_route_manager_complex_test.dart: ActiveRouteManager complex deviations and merge Five deviations, merge back to route1, then deviate again to route2
00:00 +6: D:/WakePoint/test/active_route_manager_complex_test.dart: ActiveRouteManager complex deviations and merge Five deviations, merge back to route1, then deviate again to route2
00:00 +7: D:/WakePoint/test/active_route_manager_complex_test.dart: ActiveRouteManager complex deviations and merge Five deviations, merge back to route1, then deviate again to route2
00:00 +8: D:/WakePoint/test/active_route_manager_complex_test.dart: ActiveRouteManager complex deviations and merge Five deviations, merge back to route1, then deviate again to route2
00:00 +9: D:/WakePoint/test/active_route_manager_complex_test.dart: ActiveRouteManager complex deviations and merge Five deviations, merge back to route1, then deviate again to route2
00:00 +10: D:/WakePoint/test/active_route_manager_complex_test.dart: ActiveRouteManager complex deviations and merge Five deviations, merge back to route1, then deviate again to route2
00:00 +11: D:/WakePoint/test/active_route_manager_complex_test.dart: ActiveRouteManager complex deviations and merge Five deviations, merge back to route1, then deviate again to route2
00:00 +12: D:/WakePoint/test/active_route_manager_complex_test.dart: ActiveRouteManager complex deviations and merge Five deviations, merge back to route1, then deviate again to route2
00:00 +13: D:/WakePoint/test/active_route_manager_complex_test.dart: ActiveRouteManager complex deviations and merge Five deviations, merge back to route1, then deviate again to route2
00:00 +14: D:/WakePoint/test/active_route_manager_complex_test.dart: ActiveRouteManager complex deviations and merge Five deviations, merge back to route1, then deviate again to route2
00:00 +14: D:/WakePoint/test/active_route_manager_test.dart: ActiveRouteManager switching Switch from A to B then back to A with hysteresis
Γ₧í∩╕Å  Deviate towards B corridor and sustain
00:00 +15: D:/WakePoint/test/active_route_manager_complex_test.dart: ActiveRouteManager complex deviations and merge Five deviations, merge back to route1, then deviate again to route2
00:00 +16: D:/WakePoint/test/active_route_manager_complex_test.dart: ActiveRouteManager complex deviations and merge Five deviations, merge back to route1, then deviate again to route2
00:01 +16: D:/WakePoint/test/complex_route_alarm_test.dart: Complex Route Alarm Logic: Switch vs Destination Conflict
DEBUG: Test: Setup testGpsStream Hash=593574426
DEBUG: Test: Waiting for GPS listener...
DEBUG: Test: GPS hasListener=true
DEBUG: Test: Adding GPS point 1
00:01 +16: D:/WakePoint/test/active_route_manager_test.dart: ActiveRouteManager switching Switch from A to B then back to A with hysteresis
Γ£à Switched from A to B after sustain
00:01 +17: D:/WakePoint/test/active_route_manager_complex_test.dart: ActiveRouteManager complex deviations and merge Five deviations, merge back to route1, then deviate again to route2
00:01 +17: D:/WakePoint/test/active_route_manager_test.dart: ActiveRouteManager switching Switch from A to B then back to A with hysteresis
Γ₧í∩╕Å  Move back near A and wait to switch back
00:01 +18: D:/WakePoint/test/active_route_manager_complex_test.dart: ActiveRouteManager complex deviations and merge Five deviations, merge back to route1, then deviate again to route2
00:01 +19: D:/WakePoint/test/active_route_manager_complex_test.dart: ActiveRouteManager complex deviations and merge Five deviations, merge back to route1, then deviate again to route2
00:01 +20: D:/WakePoint/test/active_route_manager_complex_test.dart: ActiveRouteManager complex deviations and merge Five deviations, merge back to route1, then deviate again to route2
00:02 +20: D:/WakePoint/test/active_route_manager_test.dart: ActiveRouteManager switching Switch from A to B then back to A with hysteresis
Γ£à Switched from B back to A
00:02 +21: D:/WakePoint/test/active_route_manager_complex_test.dart: ActiveRouteManager complex deviations and merge Five deviations, merge back to route1, then deviate again to route2
00:02 +22: D:/WakePoint/test/active_route_manager_complex_test.dart: ActiveRouteManager complex deviations and merge Five deviations, merge back to route1, then deviate again to route2
00:02 +23: D:/WakePoint/test/active_route_manager_complex_test.dart: ActiveRouteManager complex deviations and merge Five deviations, merge back to route1, then deviate again to route2
00:02 +24: D:/WakePoint/test/active_route_manager_complex_test.dart: ActiveRouteManager complex deviations and merge Five deviations, merge back to route1, then deviate again to route2
00:02 +25: D:/WakePoint/test/active_route_manager_complex_test.dart: ActiveRouteManager complex deviations and merge Five deviations, merge back to route1, then deviate again to route2
00:02 +26: D:/WakePoint/test/active_route_manager_complex_test.dart: ActiveRouteManager complex deviations and merge Five deviations, merge back to route1, then deviate again to route2
00:02 +27: D:/WakePoint/test/active_route_manager_complex_test.dart: ActiveRouteManager complex deviations and merge Five deviations, merge back to route1, then deviate again to route2
00:02 +28: D:/WakePoint/test/active_route_manager_complex_test.dart: ActiveRouteManager complex deviations and merge Five deviations, merge back to route1, then deviate again to route2
00:02 +29: D:/WakePoint/test/active_route_manager_complex_test.dart: ActiveRouteManager complex deviations and merge Five deviations, merge back to route1, then deviate again to route2
00:02 +30: D:/WakePoint/test/active_route_manager_complex_test.dart: ActiveRouteManager complex deviations and merge Five deviations, merge back to route1, then deviate again to route2
00:02 +31: D:/WakePoint/test/active_route_manager_complex_test.dart: ActiveRouteManager complex deviations and merge Five deviations, merge back to route1, then deviate again to route2
00:02 +31: D:/WakePoint/test/alarm_reliability_test.dart: Extended 60% Rule: Intermediate Metro->Driving Leg
Test Debug: Registered route with 1 events
00:02 +31 -1: D:/WakePoint/test/active_route_manager_complex_test.dart: ActiveRouteManager complex deviations and merge Five deviations, merge back to route1, then deviate again to route2
00:02 +31 -1: D:/WakePoint/test/deviation_decision_tree_test.dart: Deviation thresholds: <100m ignored, 100ΓÇô150m switch, >150m reroute possible [E]
  Expected: true
    Actual: <false>
  100ΓÇô150m should switch locally
  
  package:matcher                                     expect
  package:flutter_test/src/widget_tester.dart 474:18  expect
  test\deviation_decision_tree_test.dart 85:7         main.<fn>
  
00:02 +32 -1: D:/WakePoint/test/active_route_manager_complex_test.dart: ActiveRouteManager complex deviations and merge Five deviations, merge back to route1, then deviate again to route2
00:02 +33 -1: D:/WakePoint/test/active_route_manager_complex_test.dart: ActiveRouteManager complex deviations and merge Five deviations, merge back to route1, then deviate again to route2
00:02 +34 -1: D:/WakePoint/test/active_route_manager_complex_test.dart: ActiveRouteManager complex deviations and merge Five deviations, merge back to route1, then deviate again to route2
00:02 +35 -1: D:/WakePoint/test/active_route_manager_complex_test.dart: ActiveRouteManager complex deviations and merge Five deviations, merge back to route1, then deviate again to route2
00:02 +36 -1: D:/WakePoint/test/active_route_manager_complex_test.dart: ActiveRouteManager complex deviations and merge Five deviations, merge back to route1, then deviate again to route2
00:02 +37 -1: D:/WakePoint/test/active_route_manager_complex_test.dart: ActiveRouteManager complex deviations and merge Five deviations, merge back to route1, then deviate again to route2
00:02 +38 -1: D:/WakePoint/test/active_route_manager_complex_test.dart: ActiveRouteManager complex deviations and merge Five deviations, merge back to route1, then deviate again to route2
00:03 +38 -2: D:/WakePoint/test/active_route_manager_complex_test.dart: ActiveRouteManager complex deviations and merge Five deviations, merge back to route1, then deviate again to route2
00:03 +39 -2: D:/WakePoint/test/active_route_manager_complex_test.dart: ActiveRouteManager complex deviations and merge Five deviations, merge back to route1, then deviate again to route2
00:03 +39 -2: D:/WakePoint/test/complex_route_alarm_test.dart: Complex Route Alarm Logic: Switch vs Destination Conflict [E]
  TimeoutException after 0:00:02.000000: Future not completed
  dart:async  _startMicrotaskLoop
  
00:03 +39 -2: D:/WakePoint/test/complex_route_alarm_test.dart: Conflict Resolution: Destination beats Switch
DEBUG: Test: Setup testGpsStream Hash=957531163
DEBUG: Test: Waiting for GPS listener...
00:03 +40 -2: D:/WakePoint/test/active_route_manager_complex_test.dart: ActiveRouteManager complex deviations and merge Five deviations, merge back to route1, then deviate again to route2
00:03 +40 -2: D:/WakePoint/test/complex_route_alarm_test.dart: Conflict Resolution: Destination beats Switch
DEBUG: Test: GPS hasListener=true
DEBUG: Test: Adding GPS point conflict
00:03 +41 -2: D:/WakePoint/test/active_route_manager_complex_test.dart: ActiveRouteManager complex deviations and merge Five deviations, merge back to route1, then deviate again to route2
00:03 +42 -2: D:/WakePoint/test/active_route_manager_complex_test.dart: ActiveRouteManager complex deviations and merge Five deviations, merge back to route1, then deviate again to route2
00:03 +43 -2: D:/WakePoint/test/active_route_manager_complex_test.dart: ActiveRouteManager complex deviations and merge Five deviations, merge back to route1, then deviate again to route2
00:03 +44 -2: D:/WakePoint/test/active_route_manager_complex_test.dart: ActiveRouteManager complex deviations and merge Five deviations, merge back to route1, then deviate again to route2
00:03 +45 -2: D:/WakePoint/test/active_route_manager_complex_test.dart: ActiveRouteManager complex deviations and merge Five deviations, merge back to route1, then deviate again to route2
00:03 +46 -2: D:/WakePoint/test/active_route_manager_complex_test.dart: ActiveRouteManager complex deviations and merge Five deviations, merge back to route1, then deviate again to route2
00:03 +47 -2: D:/WakePoint/test/active_route_manager_complex_test.dart: ActiveRouteManager complex deviations and merge Five deviations, merge back to route1, then deviate again to route2
00:03 +48 -2: D:/WakePoint/test/active_route_manager_complex_test.dart: ActiveRouteManager complex deviations and merge Five deviations, merge back to route1, then deviate again to route2
00:03 +49 -2: D:/WakePoint/test/active_route_manager_complex_test.dart: ActiveRouteManager complex deviations and merge Five deviations, merge back to route1, then deviate again to route2
00:03 +50 -2: D:/WakePoint/test/active_route_manager_complex_test.dart: ActiveRouteManager complex deviations and merge Five deviations, merge back to route1, then deviate again to route2
00:03 +51 -2: D:/WakePoint/test/active_route_manager_complex_test.dart: ActiveRouteManager complex deviations and merge Five deviations, merge back to route1, then deviate again to route2
00:03 +51 -3: D:/WakePoint/test/active_route_manager_complex_test.dart: ActiveRouteManager complex deviations and merge Five deviations, merge back to route1, then deviate again to route2
00:03 +51 -3: D:/WakePoint/test/alarm_reliability_test.dart: Extended 60% Rule: Intermediate Metro->Driving Leg [E]
  Expected: true
    Actual: <false>
  Alarm missed at 60% done
  
  package:matcher                                     expect
  package:flutter_test/src/widget_tester.dart 474:18  expect
  test\alarm_reliability_test.dart 197:5              main.<fn>
  
00:03 +52 -3: D:/WakePoint/test/active_route_manager_complex_test.dart: ActiveRouteManager complex deviations and merge Five deviations, merge back to route1, then deviate again to route2
00:03 +53 -3: D:/WakePoint/test/active_route_manager_complex_test.dart: ActiveRouteManager complex deviations and merge Five deviations, merge back to route1, then deviate again to route2
00:03 +54 -3: D:/WakePoint/test/active_route_manager_complex_test.dart: ActiveRouteManager complex deviations and merge Five deviations, merge back to route1, then deviate again to route2
00:03 +55 -3: D:/WakePoint/test/active_route_manager_complex_test.dart: ActiveRouteManager complex deviations and merge Five deviations, merge back to route1, then deviate again to route2
00:03 +56 -3: D:/WakePoint/test/active_route_manager_complex_test.dart: ActiveRouteManager complex deviations and merge Five deviations, merge back to route1, then deviate again to route2
00:03 +57 -3: D:/WakePoint/test/active_route_manager_complex_test.dart: ActiveRouteManager complex deviations and merge Five deviations, merge back to route1, then deviate again to route2
00:04 +58 -3: D:/WakePoint/test/active_route_manager_complex_test.dart: ActiveRouteManager complex deviations and merge Five deviations, merge back to route1, then deviate again to route2
00:04 +58 -4: D:/WakePoint/test/active_route_manager_complex_test.dart: ActiveRouteManager complex deviations and merge Five deviations, merge back to route1, then deviate again to route2
00:04 +58 -4: D:/WakePoint/test/location_manager_test.dart: LocationManager Tests Inject Position emits to stream [E]
  Binding has not yet been initialized.
  The "instance" getter on the ServicesBinding binding mixin is only available once that binding has been initialized.
  Typically, this is done by calling "WidgetsFlutterBinding.ensureInitialized()" or "runApp()" (the latter calls the former). Typically this call is done in the "void main()" method. The "ensureInitialized" method is idempotent; calling it multiple times is not harmful. After calling that method, the "instance" getter will return the binding.
  In a test, one can call "TestWidgetsFlutterBinding.ensureInitialized()" as the first line in the test's "main()" method to initialize the binding.
  If ServicesBinding is a custom binding mixin, there must also be a custom binding class, like WidgetsFlutterBinding, but that mixes in the selected binding, and that is the class that must be constructed before using the "instance" getter.
  package:flutter/src/foundation/binding.dart 314:9          BindingBase.checkInstance.<fn>
  package:flutter/src/foundation/binding.dart 401:6          BindingBase.checkInstance
  package:flutter/src/services/binding.dart 73:54            ServicesBinding.instance
  package:flutter/src/services/platform_channel.dart 181:25  _findBinaryMessenger
  package:flutter/src/services/platform_channel.dart 681:62  EventChannel.binaryMessenger
  package:flutter/src/services/platform_channel.dart 702:9   EventChannel.receiveBroadcastStream.<fn>
  dart:async                                                 _ForwardingStream.listen
  package:geowake2/services/location_manager.dart 80:35      LocationManager._startRealGps
  package:geowake2/services/location_manager.dart 52:5       LocationManager.start
  ===== asynchronous gap ===========================
  dart:async                                                 _ForwardingStream.listen
  package:geowake2/services/location_manager.dart 80:35      LocationManager._startRealGps
  package:geowake2/services/location_manager.dart 52:5       LocationManager.start
  ===== asynchronous gap ===========================
  dart:async                                                 _CustomZone.registerUnaryCallback
  package:geowake2/services/location_manager.dart 49:5       LocationManager.start
  test\location_manager_test.dart 38:21                      main.<fn>.<fn>
  
  Binding has not yet been initialized.
  The "instance" getter on the ServicesBinding binding mixin is only available once that binding has been initialized.
  Typically, this is done by calling "WidgetsFlutterBinding.ensureInitialized()" or "runApp()" (the latter calls the former). Typically this call is done in the "void main()" method. The "ensureInitialized" method is idempotent; calling it multiple times is not harmful. After calling that method, the "instance" getter will return the binding.
  In a test, one can call "TestWidgetsFlutterBinding.ensureInitialized()" as the first line in the test's "main()" method to initialize the binding.
  If ServicesBinding is a custom binding mixin, there must also be a custom binding class, like WidgetsFlutterBinding, but that mixes in the selected binding, and that is the class that must be constructed before using the "instance" getter.
  package:flutter/src/foundation/binding.dart 314:9                                                BindingBase.checkInstance.<fn>
  package:flutter/src/foundation/binding.dart 401:6                                                BindingBase.checkInstance
  package:flutter/src/services/binding.dart 73:54                                                  ServicesBinding.instance
  package:flutter/src/services/platform_channel.dart 181:25                                        _findBinaryMessenger
  package:flutter/src/services/platform_channel.dart 681:62                                        EventChannel.binaryMessenger
  package:flutter/src/services/platform_channel.dart 728:9                                         EventChannel.receiveBroadcastStream.<fn>
  dart:async                                                                                       _BroadcastSubscriptionWrapper.cancel
  package:geolocator_platform_interface/src/implementations/method_channel_geolocator.dart 196:20  MethodChannelGeolocator._wrapStream.<fn>
  dart:async                                                                                       _BufferingStreamSubscription.cancel
  package:geowake2/services/location_manager.dart 60:33                                            LocationManager.stop
  test\location_manager_test.dart 14:21                                                            main.<fn>.<fn>
  ===== asynchronous gap ===========================
  dart:async                                                                                       _BroadcastSubscriptionWrapper.cancel
  package:geolocator_platform_interface/src/implementations/method_channel_geolocator.dart 196:20  MethodChannelGeolocator._wrapStream.<fn>
  dart:async                                                                                       _BufferingStreamSubscription.cancel
  package:geowake2/services/location_manager.dart 60:33                                            LocationManager.stop
  test\location_manager_test.dart 14:21                                                            main.<fn>.<fn>
  ===== asynchronous gap ===========================
  dart:async                                                                                       Stream.asBroadcastStream
  package:geolocator_platform_interface/src/implementations/method_channel_geolocator.dart 195:21  MethodChannelGeolocator._wrapStream
  package:geolocator_platform_interface/src/implementations/method_channel_geolocator.dart 162:26  MethodChannelGeolocator.getPositionStream
  package:geolocator/geolocator.dart 191:35                                                        Geolocator.getPositionStream
  package:geowake2/services/location_manager.dart 79:20                                            LocationManager._startRealGps
  package:geowake2/services/location_manager.dart 52:5                                             LocationManager.start
  ===== asynchronous gap ===========================
  dart:async                                                                                       _CustomZone.registerUnaryCallback
  package:geowake2/services/location_manager.dart 49:5                                             LocationManager.start
  test\location_manager_test.dart 38:21                                                            main.<fn>.<fn>
  
00:04 +58 -4: D:/WakePoint/test/event_alarm_progress_source_test.dart: Event alarm uses manager progress (transfer within distance threshold)
DEBUG: Recorded alarms in event test: [{title: Approaching..., body: 0 stops to Board transit, allow: true, ts: 2025-12-26T13:51:12.057042}, {title: Approaching..., body: 1 stops to Xfer Point, allow: true, ts: 2025-12-26T13:51:12.157311}]
00:04 +58 -5: D:/WakePoint/test/active_route_manager_complex_test.dart: ActiveRouteManager complex deviations and merge Five deviations, merge back to route1, then deviate again to route2
00:04 +58 -5: D:/WakePoint/test/event_alarm_progress_source_test.dart: Event alarm uses manager progress (transfer within distance threshold) [E]
  Expected: true
    Actual: <false>
  Expected a transfer alarm (metro stops-mode)
  
  package:matcher                                     expect
  package:flutter_test/src/widget_tester.dart 474:18  expect
  test\event_alarm_progress_source_test.dart 184:7    main.<fn>
  
00:04 +59 -5: D:/WakePoint/test/active_route_manager_complex_test.dart: ActiveRouteManager complex deviations and merge Five deviations, merge back to route1, then deviate again to route2
00:04 +60 -5: D:/WakePoint/test/active_route_manager_complex_test.dart: ActiveRouteManager complex deviations and merge Five deviations, merge back to route1, then deviate again to route2
00:04 +61 -5: D:/WakePoint/test/complex_route_alarm_test.dart: Conflict Resolution: Destination beats Switch
00:04 +61 -5: D:/WakePoint/test/alarm_reliability_test.dart: Extended 60% Rule: Destination Alarm
Test Debug: Destination route registered
00:05 +61 -6: D:/WakePoint/test/complex_route_alarm_test.dart: Conflict Resolution: Destination beats Switch
00:05 +61 -6: D:/WakePoint/test/alarm_reliability_test.dart: Extended 60% Rule: Destination Alarm [E]
  Expected: true
    Actual: <false>
  Final alarm missed at 60% done
  
  package:matcher                                     expect
  package:flutter_test/src/widget_tester.dart 474:18  expect
  test\alarm_reliability_test.dart 259:5              main.<fn>
  
00:05 +62 -6: D:/WakePoint/test/complex_route_alarm_test.dart: Conflict Resolution: Destination beats Switch
00:05 +63 -6: D:/WakePoint/test/complex_route_alarm_test.dart: Conflict Resolution: Destination beats Switch
00:05 +63 -7: D:/WakePoint/test/complex_route_alarm_test.dart: Conflict Resolution: Destination beats Switch
00:05 +63 -7: D:/WakePoint/test/metro_final_station_alarm_test.dart: Metro stops-mode: stop alarm at final station, then destination alarm on final walk leg [E]
  Expected: <1>
    Actual: <0>
  
  package:matcher                                     expect
  package:flutter_test/src/widget_tester.dart 474:18  expect
  test\metro_final_station_alarm_test.dart 115:7      main.<fn>
  
00:05 +63 -8: D:/WakePoint/test/complex_route_alarm_test.dart: Conflict Resolution: Destination beats Switch
00:05 +63 -8: D:/WakePoint/test/metro_alarm_reliability_test.dart: 60% rule confirmation: only applies to walking legs in transit routes [E]
  Expected: true
    Actual: <false>
  60% rule should trigger pre-boarding alert for walking leg
  
  package:matcher                                     expect
  package:flutter_test/src/widget_tester.dart 474:18  expect
  test\metro_alarm_reliability_test.dart 136:7        main.<fn>
  
00:05 +63 -9: D:/WakePoint/test/hybrid_eta_time_test.dart: Time-mode metro alarms use per-target ETA and throttle API refreshes
00:05 +63 -9: D:/WakePoint/test/complex_route_alarm_test.dart: Conflict Resolution: Destination beats Switch [E]
  TimeoutException after 0:00:02.000000: Future not completed
  dart:async  _startMicrotaskLoop
  
00:05 +63 -10: D:/WakePoint/test/hybrid_eta_time_test.dart: Time-mode metro alarms use per-target ETA and throttle API refreshes
00:05 +63 -10: D:/WakePoint/test/comprehensive_real_world_scenarios_test.dart: Transit Transfer Detection Detects and alerts for upcoming transfer [E]
  Expected: true
    Actual: <false>
  Should trigger transfer alarm when approaching transfer point
  
  package:matcher                                          expect
  package:flutter_test/src/widget_tester.dart 474:18       expect
  test\comprehensive_real_world_scenarios_test.dart 752:7  main.<fn>.<fn>
  
00:05 +63 -11: D:/WakePoint/test/hybrid_eta_time_test.dart: Time-mode metro alarms use per-target ETA and throttle API refreshes
00:05 +63 -11: D:/WakePoint/test/comprehensive_real_world_scenarios_test.dart: Transit Transfer Detection Suppresses switch alarm when close to destination [E]
  Expected: true
    Actual: <false>
  Should trigger destination alarm
  
  package:matcher                                          expect
  package:flutter_test/src/widget_tester.dart 474:18       expect
  test\comprehensive_real_world_scenarios_test.dart 824:7  main.<fn>.<fn>
  
00:05 +63 -12: D:/WakePoint/test/metro_stops_prior_test.dart: Metro: pre-boarding 1km alert then stops-prior transfer alert
00:06 +63 -12: D:/WakePoint/test/hybrid_eta_time_test.dart: Time-mode metro alarms use per-target ETA and throttle API refreshes [E]
  TimeoutException after 0:00:02.000000: Future not completed
  dart:async  _startMicrotaskLoop
  
00:06 +63 -12: D:/WakePoint/test/alarm_reliability_test.dart: Mixed Mode: Metro -> Driving -> Home
Test Debug: Mixed route registered
00:06 +63 -13: D:/WakePoint/test/metro_stops_prior_test.dart: Metro: pre-boarding 1km alert then stops-prior transfer alert
00:06 +63 -13: D:/WakePoint/test/metro_alarm_reliability_test.dart: Metro alarm reliability: n=1 stop threshold with mock transit route [E]
  Expected: true
    Actual: <false>
  At least one stop-based alarm should have fired for n=1 threshold
  
  package:matcher                                     expect
  package:flutter_test/src/widget_tester.dart 474:18  expect
  test\metro_alarm_reliability_test.dart 283:7        main.<fn>
  
00:06 +63 -13: D:/WakePoint/test/mixed_mode_alarm_test.dart: Mixed Mode: Alarm fires when 40% of leg is covered (60% rule)
DEBUG: Recorded Alarms: [{title: Approaching..., body: 0 stops to Board transit, allow: true, ts: 2025-12-26T13:51:14.581574}]
00:06 +64 -13: D:/WakePoint/test/metro_stops_prior_test.dart: Metro: pre-boarding 1km alert then stops-prior transfer alert
00:06 +65 -13: D:/WakePoint/test/metro_stops_prior_test.dart: Metro: pre-boarding 1km alert then stops-prior transfer alert
00:06 +66 -13: D:/WakePoint/test/metro_stops_prior_test.dart: Metro: pre-boarding 1km alert then stops-prior transfer alert
00:06 +67 -13: D:/WakePoint/test/metro_stops_prior_test.dart: Metro: pre-boarding 1km alert then stops-prior transfer alert
00:06 +67 -14: D:/WakePoint/test/metro_stops_prior_test.dart: Metro: pre-boarding 1km alert then stops-prior transfer alert
00:06 +67 -14: D:/WakePoint/test/mixed_mode_regression_test.dart: Mixed Mode Regression Test: Walk -> Metro -> Transfer [E]
  Expected: <true>
    Actual: <false>
  Should fire when 40% of leg is covered (60% rule)
  
  package:matcher                                     expect
  package:flutter_test/src/widget_tester.dart 474:18  expect
  test\mixed_mode_regression_test.dart 194:5          main.<fn>
  
00:06 +68 -14: D:/WakePoint/test/metro_stops_prior_test.dart: Metro: pre-boarding 1km alert then stops-prior transfer alert
00:06 +69 -14: D:/WakePoint/test/metro_stops_prior_test.dart: Metro: pre-boarding 1km alert then stops-prior transfer alert
00:06 +70 -14: D:/WakePoint/test/metro_stops_prior_test.dart: Metro: pre-boarding 1km alert then stops-prior transfer alert
00:06 +71 -14: D:/WakePoint/test/metro_stops_prior_test.dart: Metro: pre-boarding 1km alert then stops-prior transfer alert
00:06 +72 -14: D:/WakePoint/test/metro_stops_prior_test.dart: Metro: pre-boarding 1km alert then stops-prior transfer alert
00:06 +73 -14: D:/WakePoint/test/metro_stops_prior_test.dart: Metro: pre-boarding 1km alert then stops-prior transfer alert
00:06 +74 -14: D:/WakePoint/test/metro_stops_prior_test.dart: Metro: pre-boarding 1km alert then stops-prior transfer alert
00:06 +75 -14: D:/WakePoint/test/metro_stops_prior_test.dart: Metro: pre-boarding 1km alert then stops-prior transfer alert
00:06 +76 -14: D:/WakePoint/test/metro_stops_prior_test.dart: Metro: pre-boarding 1km alert then stops-prior transfer alert
00:06 +77 -14: D:/WakePoint/test/metro_stops_prior_test.dart: Metro: pre-boarding 1km alert then stops-prior transfer alert
00:07 +78 -14: D:/WakePoint/test/metro_stops_prior_test.dart: Metro: pre-boarding 1km alert then stops-prior transfer alert
00:07 +79 -14: D:/WakePoint/test/metro_stops_prior_test.dart: Metro: pre-boarding 1km alert then stops-prior transfer alert
00:07 +80 -14: D:/WakePoint/test/metro_stops_prior_test.dart: Metro: pre-boarding 1km alert then stops-prior transfer alert
00:07 +81 -14: D:/WakePoint/test/metro_stops_prior_test.dart: Metro: pre-boarding 1km alert then stops-prior transfer alert
00:07 +82 -14: D:/WakePoint/test/metro_stops_prior_test.dart: Metro: pre-boarding 1km alert then stops-prior transfer alert
00:07 +83 -14: D:/WakePoint/test/metro_stops_prior_test.dart: Metro: pre-boarding 1km alert then stops-prior transfer alert
00:07 +84 -14: D:/WakePoint/test/metro_stops_prior_test.dart: Metro: pre-boarding 1km alert then stops-prior transfer alert
00:07 +85 -14: D:/WakePoint/test/metro_stops_prior_test.dart: Metro: pre-boarding 1km alert then stops-prior transfer alert
00:07 +86 -14: D:/WakePoint/test/metro_stops_prior_test.dart: Metro: pre-boarding 1km alert then stops-prior transfer alert
00:07 +87 -14: D:/WakePoint/test/metro_stops_prior_test.dart: Metro: pre-boarding 1km alert then stops-prior transfer alert
00:07 +87 -14: D:/WakePoint/test/multiple_switch_point_alarm_test.dart: Multiple switch points: each transfer fires alarm independently
Pre-boarding alarms: []
00:07 +87 -14: D:/WakePoint/test/offline_coordinator_test.dart: OfflineCoordinator Online uses network provider and emits network source

===== OfflineCoordinator: online fetch path =====
Γ£à Fetched via network and returned OK
00:07 +88 -14: D:/WakePoint/test/metro_stops_prior_test.dart: Metro: pre-boarding 1km alert then stops-prior transfer alert
00:07 +88 -14: D:/WakePoint/test/offline_coordinator_test.dart: OfflineCoordinator Offline returns cached when available and never calls network

===== OfflineCoordinator: offline uses cache =====
Γ£à Served from cache without network
00:07 +89 -14: D:/WakePoint/test/metro_stops_prior_test.dart: Metro: pre-boarding 1km alert then stops-prior transfer alert
00:07 +89 -14: D:/WakePoint/test/offline_coordinator_test.dart: OfflineCoordinator Offline without cache throws

===== OfflineCoordinator: offline no cache -> error =====
Γ£à Threw as expected due to no cache while offline
00:07 +90 -14: D:/WakePoint/test/metro_stops_prior_test.dart: Metro: pre-boarding 1km alert then stops-prior transfer alert
00:07 +90 -15: D:/WakePoint/test/metro_stops_prior_test.dart: Metro: pre-boarding 1km alert then stops-prior transfer alert
00:07 +90 -15: D:/WakePoint/test/comprehensive_real_world_scenarios_test.dart: Real-World Scenario Simulations Complete metro journey with walk-transit-walk [E]
  Expected: true
    Actual: <false>
  Should trigger alarms during multi-modal journey
  
  package:matcher                                           expect
  package:flutter_test/src/widget_tester.dart 474:18        expect
  test\comprehensive_real_world_scenarios_test.dart 1142:7  main.<fn>.<fn>
  
00:07 +91 -15: D:/WakePoint/test/metro_stops_prior_test.dart: Metro: pre-boarding 1km alert then stops-prior transfer alert
00:07 +92 -15: D:/WakePoint/test/metro_stops_prior_test.dart: Metro: pre-boarding 1km alert then stops-prior transfer alert
00:07 +93 -15: D:/WakePoint/test/metro_stops_prior_test.dart: Metro: pre-boarding 1km alert then stops-prior transfer alert
00:07 +93 -15: D:/WakePoint/test/multiple_switch_point_alarm_test.dart: Multiple switch points: each transfer fires alarm independently
Transfer 1 alarms: [{title: Approaching..., body: 0 stops to Transfer-AB, allow: true, ts: 2025-12-26T13:51:16.036878}]
All alarms so far: [{title: Approaching..., body: 0 stops to Board transit, allow: true, ts: 2025-12-26T13:51:14.894119}, {title: Approaching..., body: 0 stops to Transfer-AB, allow: true, ts: 2025-12-26T13:51:16.036878}]
00:07 +93 -15: D:/WakePoint/test/overpass_stop_service_test.dart: OverpassStopService Name Normalization debug: check distance between test points
loc1: 12.9778, 77.5721
loc2: 12.97785, 77.57215
diff lat: 0.00004999999999988347
diff lng: 0.00004999999998744897
Calculated distance: 7.762900314783347 meters
00:07 +94 -15: D:/WakePoint/test/metro_stops_prior_test.dart: Metro: pre-boarding 1km alert then stops-prior transfer alert
00:07 +94 -15: D:/WakePoint/test/overpass_stop_service_test.dart: OverpassStopService Name Normalization normalizes Bengaluru Metro official names correctly
Result count: 1
  Nadaprabhu Kempegowda Station, Majestic
00:07 +95 -15: D:/WakePoint/test/metro_stops_prior_test.dart: Metro: pre-boarding 1km alert then stops-prior transfer alert
00:07 +96 -15: D:/WakePoint/test/metro_stops_prior_test.dart: Metro: pre-boarding 1km alert then stops-prior transfer alert
00:07 +97 -15: D:/WakePoint/test/metro_stops_prior_test.dart: Metro: pre-boarding 1km alert then stops-prior transfer alert
00:07 +98 -15: D:/WakePoint/test/metro_stops_prior_test.dart: Metro: pre-boarding 1km alert then stops-prior transfer alert
00:07 +99 -15: D:/WakePoint/test/metro_stops_prior_test.dart: Metro: pre-boarding 1km alert then stops-prior transfer alert
00:07 +99 -15: D:/WakePoint/test/overpass_stop_service_test.dart: OverpassStopService Name Normalization merges stations with similar names within 500m even if > 100m apart
Distance between Jayanagar test points: 232.91072330909628 meters
Should be > 100m and < 500m
Deduped count: 1
Deduped names: [Jayanagara Metro Station]
00:07 +100 -15: D:/WakePoint/test/metro_stops_prior_test.dart: Metro: pre-boarding 1km alert then stops-prior transfer alert
00:07 +101 -15: D:/WakePoint/test/metro_stops_prior_test.dart: Metro: pre-boarding 1km alert then stops-prior transfer alert
00:07 +102 -15: D:/WakePoint/test/metro_stops_prior_test.dart: Metro: pre-boarding 1km alert then stops-prior transfer alert
00:07 +103 -15: D:/WakePoint/test/metro_stops_prior_test.dart: Metro: pre-boarding 1km alert then stops-prior transfer alert
00:07 +104 -15: D:/WakePoint/test/metro_stops_prior_test.dart: Metro: pre-boarding 1km alert then stops-prior transfer alert
00:07 +105 -15: D:/WakePoint/test/metro_stops_prior_test.dart: Metro: pre-boarding 1km alert then stops-prior transfer alert
00:07 +106 -15: D:/WakePoint/test/metro_stops_prior_test.dart: Metro: pre-boarding 1km alert then stops-prior transfer alert
00:07 +107 -15: D:/WakePoint/test/metro_stops_prior_test.dart: Metro: pre-boarding 1km alert then stops-prior transfer alert
00:08 +108 -15: D:/WakePoint/test/metro_stops_prior_test.dart: Metro: pre-boarding 1km alert then stops-prior transfer alert
00:08 +109 -15: D:/WakePoint/test/metro_stops_prior_test.dart: Metro: pre-boarding 1km alert then stops-prior transfer alert
00:08 +110 -15: D:/WakePoint/test/metro_stops_prior_test.dart: Metro: pre-boarding 1km alert then stops-prior transfer alert
00:08 +111 -15: D:/WakePoint/test/metro_stops_prior_test.dart: Metro: pre-boarding 1km alert then stops-prior transfer alert
00:08 +112 -15: D:/WakePoint/test/metro_stops_prior_test.dart: Metro: pre-boarding 1km alert then stops-prior transfer alert
00:08 +113 -15: D:/WakePoint/test/metro_stops_prior_test.dart: Metro: pre-boarding 1km alert then stops-prior transfer alert
00:08 +114 -15: D:/WakePoint/test/metro_stops_prior_test.dart: Metro: pre-boarding 1km alert then stops-prior transfer alert
00:08 +115 -15: D:/WakePoint/test/metro_stops_prior_test.dart: Metro: pre-boarding 1km alert then stops-prior transfer alert
00:08 +116 -15: D:/WakePoint/test/metro_stops_prior_test.dart: Metro: pre-boarding 1km alert then stops-prior transfer alert
00:08 +116 -15: D:/WakePoint/test/multiple_switch_point_alarm_test.dart: Multiple switch points: each transfer fires alarm independently
Transfer 2 alarms: []
All alarms now: [{title: Approaching..., body: 0 stops to Board transit, allow: true, ts: 2025-12-26T13:51:14.894119}, {title: Approaching..., body: 0 stops to Transfer-AB, allow: true, ts: 2025-12-26T13:51:16.036878}, {title: Approaching..., body: 1 stops to Start walking, allow: true, ts: 2025-12-26T13:51:16.490223}]
00:08 +116 -16: D:/WakePoint/test/alarm_reliability_test.dart: Mixed Mode: Metro -> Driving -> Home
00:08 +116 -16: D:/WakePoint/test/metro_stops_prior_test.dart: Metro: pre-boarding 1km alert then stops-prior transfer alert [E]
  Expected: true
    Actual: <false>
  Pre-boarding alert should fire around 1km
  
  package:matcher                                     expect
  package:flutter_test/src/widget_tester.dart 474:18  expect
  test\metro_stops_prior_test.dart 216:9              main.<fn>
  
Warning: At least one test in this suite creates an HttpClient. When running a test suite that uses
TestWidgetsFlutterBinding, all HTTP requests will return status code 400, and no network request
will actually be made. Any test expecting a real network connection and status code will fail.
To test code that needs an HttpClient, provide your own HttpClient implementation to the code under
test, so that your test can consistently provide a testable response to the code under test.
00:08 +117 -16: D:/WakePoint/test/alarm_reliability_test.dart: Mixed Mode: Metro -> Driving -> Home
00:08 +118 -16: D:/WakePoint/test/alarm_reliability_test.dart: Mixed Mode: Metro -> Driving -> Home
00:08 +119 -16: D:/WakePoint/test/alarm_reliability_test.dart: Mixed Mode: Metro -> Driving -> Home
00:08 +120 -16: D:/WakePoint/test/alarm_reliability_test.dart: Mixed Mode: Metro -> Driving -> Home
00:08 +121 -16: D:/WakePoint/test/alarm_reliability_test.dart: Mixed Mode: Metro -> Driving -> Home
00:08 +122 -16: D:/WakePoint/test/alarm_reliability_test.dart: Mixed Mode: Metro -> Driving -> Home
00:08 +122 -17: D:/WakePoint/test/multiple_switch_point_alarm_test.dart: Multiple switch points: each transfer fires alarm independently
00:08 +122 -17: D:/WakePoint/test/alarm_reliability_test.dart: Mixed Mode: Metro -> Driving -> Home [E]
  Expected: true
    Actual: <false>
  Alarm missed on final driving leg at 60% remaining
  
  package:matcher                                     expect
  package:flutter_test/src/widget_tester.dart 474:18  expect
  test\alarm_reliability_test.dart 368:5              main.<fn>
  
00:08 +122 -17: D:/WakePoint/test/multiple_switch_point_alarm_test.dart: Multiple switch points: each transfer fires alarm independently
Destination alarms: [{title: Wake Up!, body: 1 stops to Final Destination, allow: false, ts: 2025-12-26T13:51:16.791923}]
Final all alarms: [{title: Approaching..., body: 0 stops to Board transit, allow: true, ts: 2025-12-26T13:51:14.894119}, {title: Approaching..., body: 0 stops to Transfer-AB, allow: true, ts: 2025-12-26T13:51:16.036878}, {title: Approaching..., body: 1 stops to Start walking, allow: true, ts: 2025-12-26T13:51:16.490223}, {title: Wake Up!, body: 1 stops to Final Destination, allow: false, ts: 2025-12-26T13:51:16.791923}]
Total alarms fired: 4
00:08 +123 -17: D:/WakePoint/test/alarm_reliability_test.dart: Direct Fire: Destination < 200m
00:09 +124 -17: D:/WakePoint/test/alarm_reliability_test.dart: Direct Fire: Destination < 200m
00:09 +125 -17: D:/WakePoint/test/alarm_reliability_test.dart: Direct Fire: Destination < 200m
00:09 +126 -17: D:/WakePoint/test/alarm_reliability_test.dart: Direct Fire: Destination < 200m
00:09 +126 -18: D:/WakePoint/test/alarm_reliability_test.dart: Direct Fire: Destination < 200m
00:09 +127 -18: D:/WakePoint/test/alarm_reliability_test.dart: Direct Fire: Destination < 200m
00:09 +127 -18: D:/WakePoint/test/regression_prod_data_test.dart: Regression: registerRouteFromDirections MUST add Destination event [E]
  Expected: true
    Actual: <false>
  Destination event MISSING from production route!
  
  package:matcher                                     expect
  package:flutter_test/src/widget_tester.dart 474:18  expect
  test\regression_prod_data_test.dart 73:7            main.<fn>
  
00:10 +128 -18: D:/WakePoint/test/alarm_reliability_test.dart: Direct Fire: Destination < 200m
00:10 +129 -18: D:/WakePoint/test/alarm_reliability_test.dart: Direct Fire: Destination < 200m
00:10 +130 -18: D:/WakePoint/test/alarm_reliability_test.dart: Direct Fire: Destination < 200m
00:10 +130 -19: D:/WakePoint/test/rapid_deviations_vm_test.dart: Rapid many deviations stress route-switch hysteresis
00:10 +130 -19: D:/WakePoint/test/alarm_reliability_test.dart: Direct Fire: Destination < 200m [E]
  Expected: true
    Actual: <false>
  Direct fire missed for destination < 200m
  
  package:matcher                                     expect
  package:flutter_test/src/widget_tester.dart 474:18  expect
  test\alarm_reliability_test.dart 456:5              main.<fn>
  
00:10 +131 -19: D:/WakePoint/test/rapid_deviations_vm_test.dart: Rapid many deviations stress route-switch hysteresis
00:10 +132 -19: D:/WakePoint/test/rapid_deviations_vm_test.dart: Rapid many deviations stress route-switch hysteresis
00:10 +132 -19: D:/WakePoint/test/reproduce_stop_alarm_overshoot_test.dart: Reproduce Overshoot: Alarm skipped when arriving at switch point
DEBUG: Recorded Alarms: []
00:10 +132 -20: D:/WakePoint/test/rapid_deviations_vm_test.dart: Rapid many deviations stress route-switch hysteresis
00:10 +132 -20: D:/WakePoint/test/reproduce_stop_alarm_overshoot_test.dart: Reproduce Overshoot: Alarm skipped when arriving at switch point [E]
  Expected: true
    Actual: <false>
  Alarm should fire for Station B transfer even if we arrive exactly at it
  
  package:matcher                                      expect
  package:flutter_test/src/widget_tester.dart 474:18   expect
  test\reproduce_stop_alarm_overshoot_test.dart 209:7  main.<fn>
  
Warning: At least one test in this suite creates an HttpClient. When running a test suite that uses
TestWidgetsFlutterBinding, all HTTP requests will return status code 400, and no network request
will actually be made. Any test expecting a real network connection and status code will fail.
To test code that needs an HttpClient, provide your own HttpClient implementation to the code under
test, so that your test can consistently provide a testable response to the code under test.
00:10 +133 -20: D:/WakePoint/test/rapid_deviations_vm_test.dart: Rapid many deviations stress route-switch hysteresis
00:10 +133 -20: D:/WakePoint/test/route_registry_test.dart: RouteRegistry candidate filtering by proximity and recency

===== RouteRegistry candidate filtering =====
Γä╣∩╕Å  Candidates near approximate origin: [C, A]
Γ£à Near list contains A and C, excludes distant B
00:10 +134 -20: D:/WakePoint/test/rapid_deviations_vm_test.dart: Rapid many deviations stress route-switch hysteresis
00:11 +135 -20: D:/WakePoint/test/rapid_deviations_vm_test.dart: Rapid many deviations stress route-switch hysteresis
00:11 +136 -20: D:/WakePoint/test/rapid_deviations_vm_test.dart: Rapid many deviations stress route-switch hysteresis
00:11 +137 -20: D:/WakePoint/test/rapid_deviations_vm_test.dart: Rapid many deviations stress route-switch hysteresis
00:11 +138 -20: D:/WakePoint/test/rapid_deviations_vm_test.dart: Rapid many deviations stress route-switch hysteresis
00:11 +139 -20: D:/WakePoint/test/rapid_deviations_vm_test.dart: Rapid many deviations stress route-switch hysteresis
00:11 +140 -20: D:/WakePoint/test/rapid_deviations_vm_test.dart: Rapid many deviations stress route-switch hysteresis
00:11 +141 -20: D:/WakePoint/test/rapid_deviations_vm_test.dart: Rapid many deviations stress route-switch hysteresis
00:11 +141 -20: D:/WakePoint/test/simplified_polyline_present_test.dart: DirectionService injects simplified_polyline into directions

===== DirectionService: simplified_polyline injection =====
Γ£à simplified_polyline present in response
00:11 +142 -20: D:/WakePoint/test/rapid_deviations_vm_test.dart: Rapid many deviations stress route-switch hysteresis
00:12 +142 -20: D:/WakePoint/test/simulated_route_integration_test.dart: Simulated fast route with deviations triggers alarm and notifications
TEST-HOOK: showWakeUpAlarm -> Wake Up! | You are nearing your destination | allow=false
00:12 +143 -20: D:/WakePoint/test/rapid_deviations_vm_test.dart: Rapid many deviations stress route-switch hysteresis
00:12 +144 -20: D:/WakePoint/test/rapid_deviations_vm_test.dart: Rapid many deviations stress route-switch hysteresis
00:12 +145 -20: D:/WakePoint/test/rapid_deviations_vm_test.dart: Rapid many deviations stress route-switch hysteresis
00:12 +146 -20: D:/WakePoint/test/rapid_deviations_vm_test.dart: Rapid many deviations stress route-switch hysteresis
00:12 +147 -20: D:/WakePoint/test/rapid_deviations_vm_test.dart: Rapid many deviations stress route-switch hysteresis
00:12 +148 -20: D:/WakePoint/test/rapid_deviations_vm_test.dart: Rapid many deviations stress route-switch hysteresis
00:12 +149 -20: D:/WakePoint/test/rapid_deviations_vm_test.dart: Rapid many deviations stress route-switch hysteresis
00:12 +150 -20: D:/WakePoint/test/rapid_deviations_vm_test.dart: Rapid many deviations stress route-switch hysteresis
00:12 +151 -20: D:/WakePoint/test/rapid_deviations_vm_test.dart: Rapid many deviations stress route-switch hysteresis
00:12 +152 -20: D:/WakePoint/test/rapid_deviations_vm_test.dart: Rapid many deviations stress route-switch hysteresis
00:12 +153 -20: D:/WakePoint/test/rapid_deviations_vm_test.dart: Rapid many deviations stress route-switch hysteresis
00:12 +154 -20: D:/WakePoint/test/rapid_deviations_vm_test.dart: Rapid many deviations stress route-switch hysteresis
00:12 +155 -20: D:/WakePoint/test/rapid_deviations_vm_test.dart: Rapid many deviations stress route-switch hysteresis
00:12 +156 -20: D:/WakePoint/test/rapid_deviations_vm_test.dart: Rapid many deviations stress route-switch hysteresis
00:12 +157 -20: D:/WakePoint/test/rapid_deviations_vm_test.dart: Rapid many deviations stress route-switch hysteresis
00:12 +158 -20: D:/WakePoint/test/rapid_deviations_vm_test.dart: Rapid many deviations stress route-switch hysteresis
00:12 +159 -20: D:/WakePoint/test/rapid_deviations_vm_test.dart: Rapid many deviations stress route-switch hysteresis
00:12 +160 -20: D:/WakePoint/test/rapid_deviations_vm_test.dart: Rapid many deviations stress route-switch hysteresis
00:12 +160 -21: D:/WakePoint/test/alarm_reliability_test.dart: Suppression: Switch Point < 300m from Destination
00:12 +161 -21: D:/WakePoint/test/alarm_reliability_test.dart: Suppression: Switch Point < 300m from Destination
00:12 +162 -21: D:/WakePoint/test/alarm_reliability_test.dart: Suppression: Switch Point < 300m from Destination
00:12 +163 -21: D:/WakePoint/test/alarm_reliability_test.dart: Suppression: Switch Point < 300m from Destination
00:12 +164 -21: D:/WakePoint/test/alarm_reliability_test.dart: Suppression: Switch Point < 300m from Destination
00:12 +164 -21: D:/WakePoint/test/rapid_deviations_vm_test.dart: Rapid many deviations stress route-switch hysteresis [E]
  Expected: true
    Actual: <false>
  
  package:matcher                                     expect
  package:flutter_test/src/widget_tester.dart 474:18  expect
  test\rapid_deviations_vm_test.dart 96:7             main.<fn>
  
00:13 +164 -22: D:/WakePoint/test/simulated_route_integration_test.dart: Simulated fast route with deviations triggers alarm and notifications
00:13 +164 -22: D:/WakePoint/test/alarm_reliability_test.dart: Suppression: Switch Point < 300m from Destination [E]
  Expected: true
    Actual: <false>
  Destination alarm should fire
  
  package:matcher                                     expect
  package:flutter_test/src/widget_tester.dart 474:18  expect
  test\alarm_reliability_test.dart 548:5              main.<fn>
  
00:13 +164 -22: D:/WakePoint/test/tracking_service_connectivity_test.dart: TrackingService Connectivity Simulation Activates sensor fusion after GPS dropout and stops when GPS resumes

===== TrackingService: GPS dropout -> sensor fusion =====
Γ₧í∩╕Å  Emit initial GPS update
00:13 +165 -22: D:/WakePoint/test/simulated_route_integration_test.dart: Simulated fast route with deviations triggers alarm and notifications
00:13 +165 -22: D:/WakePoint/test/tracking_service_reroute_integration_test.dart: TrackingService deviation/reroute + manager integration Triggers sustained deviation and emits reroute decision; manager switches to nearby cached route

===== Scenario: sustained deviation and route switch =====
Γ₧í∩╕Å  Registering two cached routes r1 (E-W) and r2 (N-S)
Γ₧í∩╕Å  Starting tracking (test mode, accelerated timers)
Γ₧í∩╕Å  Feeding GPS near r1, then crossing to r2 zone
00:14 +166 -22: D:/WakePoint/test/simulated_route_integration_test.dart: Simulated fast route with deviations triggers alarm and notifications
00:14 +167 -22: D:/WakePoint/test/simulated_route_integration_test.dart: Simulated fast route with deviations triggers alarm and notifications
00:14 +168 -22: D:/WakePoint/test/simulated_route_integration_test.dart: Simulated fast route with deviations triggers alarm and notifications
00:14 +169 -22: D:/WakePoint/test/simulated_route_integration_test.dart: Simulated fast route with deviations triggers alarm and notifications
00:14 +170 -22: D:/WakePoint/test/simulated_route_integration_test.dart: Simulated fast route with deviations triggers alarm and notifications
00:14 +171 -22: D:/WakePoint/test/simulated_route_integration_test.dart: Simulated fast route with deviations triggers alarm and notifications
00:14 +171 -22: D:/WakePoint/test/transfer_utils_test.dart: TransferUtils should detect transfer between two TRANSIT steps even with missing line IDs
Generated Events:
mode_change @ 1000.0m - Board transit
transfer @ 6000.0m - Majestic
mode_change @ 11000.0m - Start walking
00:14 +172 -22: D:/WakePoint/test/simulated_route_integration_test.dart: Simulated fast route with deviations triggers alarm and notifications
00:14 +172 -22: D:/WakePoint/test/transfer_utils_test.dart: TransferUtils should NOT emit spurious Start walking for interchange walks between metros
Interchange Walk Test - Generated Events:
mode_change @ 800.0m - Board transit
transfer @ 4800.0m - Central Station
mode_change @ 10100.0m - Start walking
00:14 +173 -22: D:/WakePoint/test/simulated_route_integration_test.dart: Simulated fast route with deviations triggers alarm and notifications
00:14 +173 -22: D:/WakePoint/test/tracking_service_connectivity_test.dart: TrackingService Connectivity Simulation Activates sensor fusion after GPS dropout and stops when GPS resumes
Γ₧í∩╕Å  Wait past dropout buffer to trigger fusion
00:14 +174 -22: D:/WakePoint/test/simulated_route_integration_test.dart: Simulated fast route with deviations triggers alarm and notifications
00:14 +175 -22: D:/WakePoint/test/simulated_route_integration_test.dart: Simulated fast route with deviations triggers alarm and notifications
00:14 +176 -22: D:/WakePoint/test/simulated_route_integration_test.dart: Simulated fast route with deviations triggers alarm and notifications
00:14 +177 -22: D:/WakePoint/test/simulated_route_integration_test.dart: Simulated fast route with deviations triggers alarm and notifications
00:14 +178 -22: D:/WakePoint/test/simulated_route_integration_test.dart: Simulated fast route with deviations triggers alarm and notifications
00:14 +179 -22: D:/WakePoint/test/simulated_route_integration_test.dart: Simulated fast route with deviations triggers alarm and notifications
00:14 +180 -22: D:/WakePoint/test/simulated_route_integration_test.dart: Simulated fast route with deviations triggers alarm and notifications
00:14 +181 -22: D:/WakePoint/test/simulated_route_integration_test.dart: Simulated fast route with deviations triggers alarm and notifications
00:14 +182 -22: D:/WakePoint/test/simulated_route_integration_test.dart: Simulated fast route with deviations triggers alarm and notifications
00:14 +182 ~1 -22: D:/WakePoint/test/simulated_route_integration_test.dart: Simulated fast route with deviations triggers alarm and notifications
00:15 +182 ~2 -22: D:/WakePoint/test/simulated_route_integration_test.dart: Simulated fast route with deviations triggers alarm and notifications
00:15 +182 ~3 -22: D:/WakePoint/test/simulated_route_integration_test.dart: Simulated fast route with deviations triggers alarm and notifications
00:15 +182 ~3 -22: D:/WakePoint/test/tracking_service_reroute_integration_test.dart: TrackingService deviation/reroute + manager integration Triggers sustained deviation and emits reroute decision; manager switches to nearby cached route
Γ₧í∩╕Å  Triggering an extra GPS update to finalize switching
00:15 +183 ~3 -22: D:/WakePoint/test/simulated_route_integration_test.dart: Simulated fast route with deviations triggers alarm and notifications
00:15 +183 ~3 -23: D:/WakePoint/test/simulated_route_integration_test.dart: Simulated fast route with deviations triggers alarm and notifications
00:15 +183 ~3 -23: D:/WakePoint/test/tracking_service_reroute_integration_test.dart: TrackingService deviation/reroute + manager integration Triggers sustained deviation and emits reroute decision; manager switches to nearby cached route [E]
  Expected: true
    Actual: <false>
  
  package:matcher                                            expect
  package:flutter_test/src/widget_tester.dart 474:18         expect
  test\tracking_service_reroute_integration_test.dart 148:9  main.<fn>.<fn>
  
00:16 +184 ~3 -23: D:/WakePoint/test/tracking_service_connectivity_test.dart: TrackingService Connectivity Simulation Activates sensor fusion after GPS dropout and stops when GPS resumes
Γ₧í∩╕Å  GPS resumes; fusion should stop
00:18 +185 ~3 -23: D:/WakePoint/test/tracking_service_route_activation_test.dart: TrackingService route registration activation registerRoute(activate:true) makes new route active and preserves old route
00:44 +185 ~3 -24: D:/WakePoint/test/tracking_service_route_activation_test.dart: TrackingService route registration activation registerRoute(activate:true) makes new route active and preserves old route [E]
  TimeoutException after 0:00:30.000000: Test timed out after 30 seconds. See https://pub.dev/packages/test#timeouts
  dart:isolate  _RawReceivePort._handleMessage
  
00:44 +185 ~3 -24: Some tests failed.
