00:00 +0: loading D:/GeoWake/test/active_route_manager_complex_test.dart
00:00 +0: D:/GeoWake/test/active_route_manager_complex_test.dart: ActiveRouteManager complex deviations and merge Five deviations, merge back to route1, then deviate again to route2
DEBUG: ARM: ingestPosition LatLng(0.0, 0.001)
DEBUG: ARM: ingestPosition LatLng(0.0, 0.001)
DEBUG: ARM: emitting state progress=111.31949079327357
DEBUG: ARM: ingestPosition LatLng(0.002, 0.002)
DEBUG: ARM: ingestPosition LatLng(0.002, 0.002)
DEBUG: ARM: emitting state progress=166.97923608818078
00:00 +0: D:/GeoWake/test/active_route_manager_test.dart: ActiveRouteManager switching Switch from A to B then back to A with hysteresis

===== ActiveRouteManager: A -> B -> A with hysteresis =====
Γ₧í∩╕Å  Active set to A
Γ₧í∩╕Å  Move along A near (0, 0.003)
DEBUG: ARM: ingestPosition LatLng(0.0001, 0.003)
DEBUG: ARM: ingestPosition LatLng(0.0001, 0.003)
DEBUG: ARM: emitting state progress=333.95847237982065
00:00 +0: D:/GeoWake/test/active_route_manager_complex_test.dart: ActiveRouteManager complex deviations and merge Five deviations, merge back to route1, then deviate again to route2
DEBUG: ARM: ingestPosition LatLng(0.002, 0.002)
DEBUG: ARM: ingestPosition LatLng(0.002, 0.002)
DEBUG: ARM: emitting state progress=166.97923608818078
00:00 +0: D:/GeoWake/test/active_route_manager_test.dart: ActiveRouteManager switching Switch from A to B then back to A with hysteresis
DEBUG: ARM: ingestPosition LatLng(0.0001, 0.004)
DEBUG: ARM: ingestPosition LatLng(0.0001, 0.004)
DEBUG: ARM: emitting state progress=445.2779631730943
00:00 +0: D:/GeoWake/test/active_route_manager_complex_test.dart: ActiveRouteManager complex deviations and merge Five deviations, merge back to route1, then deviate again to route2
DEBUG: ARM: ingestPosition LatLng(0.002, 0.002)
DEBUG: ARM: ingestPosition LatLng(0.002, 0.002)
DEBUG: ARM: emitting state progress=166.97923608818078
00:00 +1: D:/GeoWake/test/active_route_manager_complex_test.dart: ActiveRouteManager complex deviations and merge Five deviations, merge back to route1, then deviate again to route2
DEBUG: ARM: ingestPosition LatLng(0.002, 0.002)
DEBUG: ARM: ingestPosition LatLng(0.002, 0.002)
DEBUG: ARM: emitting state progress=166.97923608818078
00:00 +2: D:/GeoWake/test/active_route_manager_complex_test.dart: ActiveRouteManager complex deviations and merge Five deviations, merge back to route1, then deviate again to route2
DEBUG: ARM: ingestPosition LatLng(0.002, 0.0021)
DEBUG: ARM: ingestPosition LatLng(0.002, 0.0021)
DEBUG: ARM: emitting state progress=178.1111851607261
00:00 +2: D:/GeoWake/test/active_route_manager_test.dart: ActiveRouteManager switching Switch from A to B then back to A with hysteresis
Γ₧í∩╕Å  Deviate towards B corridor and sustain
DEBUG: ARM: ingestPosition LatLng(0.001, 0.005)
DEBUG: ARM: ingestPosition LatLng(0.001, 0.005)
DEBUG: ARM: emitting state progress=111.31949079327357
00:00 +2: D:/GeoWake/test/active_route_manager_complex_test.dart: ActiveRouteManager complex deviations and merge Five deviations, merge back to route1, then deviate again to route2
DEBUG: ARM: ingestPosition LatLng(0.0002, 0.0022)
DEBUG: ARM: ingestPosition LatLng(0.0002, 0.0022)
DEBUG: ARM: emitting state progress=244.90287974520186
DEBUG: ARM: ingestPosition LatLng(0.0002, 0.0022)
DEBUG: ARM: ingestPosition LatLng(0.0002, 0.0022)
DEBUG: ARM: emitting state progress=244.90287974520186
00:00 +2: D:/GeoWake/test/complex_route_alarm_test.dart: Complex Route Alarm Logic: Switch vs Destination Conflict
DEBUG: Test: Setup testGpsStream Hash=812853153
DEBUG: ARM: ingestPosition LatLng(0.0, 0.0)
DEBUG: ARM: ingestPosition LatLng(0.0, 0.0)
DEBUG: ARM: emitting state progress=0.0
DEBUG: Test: Waiting for GPS listener...
DEBUG: Test: GPS hasListener=true
DEBUG: Test: Adding GPS point 1
DEBUG: ARM: ingestPosition LatLng(0.0015, 0.0)
DEBUG: ARM: ingestPosition LatLng(0.0015, 0.0)
DEBUG: ARM: emitting state progress=166.97923618991035
DEBUG: Test: State received
00:00 +2: D:/GeoWake/test/active_route_manager_test.dart: ActiveRouteManager switching Switch from A to B then back to A with hysteresis
DEBUG: ARM: ingestPosition LatLng(0.003, 0.005)
DEBUG: ARM: ingestPosition LatLng(0.003, 0.005)
DEBUG: ARM: emitting state progress=333.9584723798207
00:00 +2: D:/GeoWake/test/active_route_manager_complex_test.dart: ActiveRouteManager complex deviations and merge Five deviations, merge back to route1, then deviate again to route2
DEBUG: ARM: ingestPosition LatLng(0.0002, 0.0022)
DEBUG: ARM: ingestPosition LatLng(0.0002, 0.0022)
DEBUG: ARM: emitting state progress=244.90287974520186
DEBUG: ARM: ingestPosition LatLng(0.0002, 0.0023)
DEBUG: ARM: ingestPosition LatLng(0.0002, 0.0023)
DEBUG: ARM: emitting state progress=256.0348288245292
DEBUG: ARM: ingestPosition LatLng(0.002, 0.003)
DEBUG: ARM: ingestPosition LatLng(0.002, 0.003)
DEBUG: ARM: emitting state progress=278.2987268136347
00:00 +2: D:/GeoWake/test/deviation_decision_tree_test.dart: Deviation thresholds: <100m ignored, 100ΓÇô150m switch, >150m reroute possible
DEBUG: ARM: ingestPosition LatLng(0.0008, -0.008)
DEBUG: ARM: ingestPosition LatLng(0.0008, -0.008)
DEBUG: ARM: emitting state progress=222.6389815526373
00:00 +2: D:/GeoWake/test/active_route_manager_test.dart: ActiveRouteManager switching Switch from A to B then back to A with hysteresis
DEBUG: ARM: ingestPosition LatLng(0.004, 0.005)
DEBUG: ARM: ingestPosition LatLng(0.004, 0.005)
DEBUG: ARM: emitting state progress=445.2779631730943
00:00 +2: D:/GeoWake/test/active_route_manager_complex_test.dart: ActiveRouteManager complex deviations and merge Five deviations, merge back to route1, then deviate again to route2
DEBUG: ARM: ingestPosition LatLng(0.002, 0.003)
DEBUG: ARM: ingestPosition LatLng(0.002, 0.003)
DEBUG: ARM: emitting state progress=278.2987268136347
00:00 +2: D:/GeoWake/test/complex_route_alarm_test.dart: Complex Route Alarm Logic: Switch vs Destination Conflict
DEBUG: ARM: ingestPosition LatLng(0.03, 0.0)
DEBUG: ARM: ingestPosition LatLng(0.03, 0.0)
DEBUG: ARM: emitting state progress=3339.584723798207
00:01 +3: D:/GeoWake/test/active_route_manager_complex_test.dart: ActiveRouteManager complex deviations and merge Five deviations, merge back to route1, then deviate again to route2
00:01 +4: D:/GeoWake/test/active_route_manager_complex_test.dart: ActiveRouteManager complex deviations and merge Five deviations, merge back to route1, then deviate again to route2
DEBUG: ARM: ingestPosition LatLng(0.002, 0.003)
DEBUG: ARM: ingestPosition LatLng(0.002, 0.003)
DEBUG: ARM: emitting state progress=278.2987268136347
DEBUG: ARM: ingestPosition LatLng(0.002, 0.003)
DEBUG: ARM: ingestPosition LatLng(0.002, 0.003)
DEBUG: ARM: emitting state progress=278.2987268136347
DEBUG: ARM: ingestPosition LatLng(0.002, 0.0031)
DEBUG: ARM: ingestPosition LatLng(0.002, 0.0031)
DEBUG: ARM: emitting state progress=289.43067588618
00:01 +4: D:/GeoWake/test/active_route_manager_test.dart: ActiveRouteManager switching Switch from A to B then back to A with hysteresis
DEBUG: ARM: ingestPosition LatLng(0.0045, 0.005)
DEBUG: ARM: ingestPosition LatLng(0.0045, 0.005)
DEBUG: ARM: emitting state progress=500.93770856973094
00:01 +4: D:/GeoWake/test/complex_route_alarm_test.dart: Complex Route Alarm Logic: Switch vs Destination Conflict
DEBUG: ARM: ingestPosition LatLng(0.041, 0.0)
DEBUG: ARM: ingestPosition LatLng(0.041, 0.0)
DEBUG: ARM: emitting state progress=4564.099122524216
00:01 +5: D:/GeoWake/test/active_route_manager_complex_test.dart: ActiveRouteManager complex deviations and merge Five deviations, merge back to route1, then deviate again to route2
DEBUG: ARM: ingestPosition LatLng(0.0002, 0.0032)
DEBUG: ARM: ingestPosition LatLng(0.0002, 0.0032)
DEBUG: ARM: emitting state progress=356.2223705384754
00:01 +5: D:/GeoWake/test/complex_route_alarm_test.dart: Conflict Resolution: Destination beats Switch
DEBUG: Test: Setup testGpsStream Hash=679044654
DEBUG: ARM: ingestPosition LatLng(0.0, 0.0)
DEBUG: ARM: ingestPosition LatLng(0.0, 0.0)
DEBUG: ARM: emitting state progress=0.0
DEBUG: Test: Waiting for GPS listener...
DEBUG: Test: GPS hasListener=true
DEBUG: Test: Adding GPS point conflict
DEBUG: ARM: ingestPosition LatLng(0.0081, 0.0)
DEBUG: ARM: ingestPosition LatLng(0.0081, 0.0)
DEBUG: ARM: emitting state progress=901.6878754255158
DEBUG: Test: State received
00:01 +5: D:/GeoWake/test/active_route_manager_test.dart: ActiveRouteManager switching Switch from A to B then back to A with hysteresis
Γ£à Switched from A to B after sustain
00:01 +5: D:/GeoWake/test/deviation_decision_tree_test.dart: Deviation thresholds: <100m ignored, 100ΓÇô150m switch, >150m reroute possible
DEBUG: ARM: ingestPosition LatLng(0.0011, 0.0)
DEBUG: ARM: ingestPosition LatLng(0.0011, 0.0)
DEBUG: ARM: emitting state progress=1113.1949077631864
00:01 +5: D:/GeoWake/test/active_route_manager_complex_test.dart: ActiveRouteManager complex deviations and merge Five deviations, merge back to route1, then deviate again to route2
DEBUG: ARM: ingestPosition LatLng(0.0002, 0.0032)
DEBUG: ARM: ingestPosition LatLng(0.0002, 0.0032)
DEBUG: ARM: emitting state progress=356.2223705384754
00:01 +6: D:/GeoWake/test/active_route_manager_complex_test.dart: ActiveRouteManager complex deviations and merge Five deviations, merge back to route1, then deviate again to route2
00:01 +7: D:/GeoWake/test/active_route_manager_complex_test.dart: ActiveRouteManager complex deviations and merge Five deviations, merge back to route1, then deviate again to route2
00:01 +8: D:/GeoWake/test/active_route_manager_complex_test.dart: ActiveRouteManager complex deviations and merge Five deviations, merge back to route1, then deviate again to route2
00:01 +9: D:/GeoWake/test/active_route_manager_complex_test.dart: ActiveRouteManager complex deviations and merge Five deviations, merge back to route1, then deviate again to route2
00:01 +10: D:/GeoWake/test/active_route_manager_complex_test.dart: ActiveRouteManager complex deviations and merge Five deviations, merge back to route1, then deviate again to route2
DEBUG: ARM: ingestPosition LatLng(0.0002, 0.0032)
DEBUG: ARM: ingestPosition LatLng(0.0002, 0.0032)
DEBUG: ARM: emitting state progress=356.2223705384754
DEBUG: ARM: ingestPosition LatLng(0.0002, 0.0033)
DEBUG: ARM: ingestPosition LatLng(0.0002, 0.0033)
DEBUG: ARM: emitting state progress=367.3543196178028
00:01 +10: D:/GeoWake/test/complex_route_alarm_test.dart: Conflict Resolution: Destination beats Switch
Conflict Alarms: [{title: Wake Up!, body: Approaching: Final Home, allow: true, ts: 2025-12-10T23:27:29.670186}]
00:01 +11: D:/GeoWake/test/active_route_manager_complex_test.dart: ActiveRouteManager complex deviations and merge Five deviations, merge back to route1, then deviate again to route2
00:01 +11: D:/GeoWake/test/active_route_manager_test.dart: ActiveRouteManager switching Switch from A to B then back to A with hysteresis
Γ₧í∩╕Å  Move back near A and wait to switch back
DEBUG: ARM: ingestPosition LatLng(0.0005, 0.006)
DEBUG: ARM: ingestPosition LatLng(0.0005, 0.006)
DEBUG: ARM: emitting state progress=667.9169447596414
00:01 +11: D:/GeoWake/test/active_route_manager_complex_test.dart: ActiveRouteManager complex deviations and merge Five deviations, merge back to route1, then deviate again to route2
DEBUG: ARM: ingestPosition LatLng(0.002, 0.004)
DEBUG: ARM: ingestPosition LatLng(0.002, 0.004)
DEBUG: ARM: emitting state progress=389.6182175390885
00:01 +12: D:/GeoWake/test/active_route_manager_complex_test.dart: ActiveRouteManager complex deviations and merge Five deviations, merge back to route1, then deviate again to route2
00:01 +13: D:/GeoWake/test/active_route_manager_complex_test.dart: ActiveRouteManager complex deviations and merge Five deviations, merge back to route1, then deviate again to route2
00:01 +14: D:/GeoWake/test/active_route_manager_complex_test.dart: ActiveRouteManager complex deviations and merge Five deviations, merge back to route1, then deviate again to route2
00:01 +15: D:/GeoWake/test/active_route_manager_complex_test.dart: ActiveRouteManager complex deviations and merge Five deviations, merge back to route1, then deviate again to route2
DEBUG: ARM: ingestPosition LatLng(0.002, 0.004)
DEBUG: ARM: ingestPosition LatLng(0.002, 0.004)
DEBUG: ARM: emitting state progress=389.6182175390885
00:01 +15: D:/GeoWake/test/active_route_manager_test.dart: ActiveRouteManager switching Switch from A to B then back to A with hysteresis
DEBUG: ARM: ingestPosition LatLng(0.0002, 0.007)
DEBUG: ARM: ingestPosition LatLng(0.0002, 0.007)
DEBUG: ARM: emitting state progress=779.236435552915
00:01 +15: D:/GeoWake/test/active_route_manager_complex_test.dart: ActiveRouteManager complex deviations and merge Five deviations, merge back to route1, then deviate again to route2
DEBUG: ARM: ingestPosition LatLng(0.002, 0.004)
DEBUG: ARM: ingestPosition LatLng(0.002, 0.004)
DEBUG: ARM: emitting state progress=389.6182175390885
DEBUG: ARM: ingestPosition LatLng(0.002, 0.004)
00:01 +16: D:/GeoWake/test/active_route_manager_complex_test.dart: ActiveRouteManager complex deviations and merge Five deviations, merge back to route1, then deviate again to route2
DEBUG: ARM: ingestPosition LatLng(0.002, 0.004)
DEBUG: ARM: emitting state progress=389.6182175390885
00:01 +17: D:/GeoWake/test/active_route_manager_complex_test.dart: ActiveRouteManager complex deviations and merge Five deviations, merge back to route1, then deviate again to route2
DEBUG: ARM: ingestPosition LatLng(0.002, 0.0041)
DEBUG: ARM: ingestPosition LatLng(0.002, 0.0041)
DEBUG: ARM: emitting state progress=400.7501666116339
DEBUG: ARM: ingestPosition LatLng(0.0002, 0.004200000000000001)
DEBUG: ARM: ingestPosition LatLng(0.0002, 0.004200000000000001)
DEBUG: ARM: emitting state progress=467.54186133174903
00:02 +17 -1: D:/GeoWake/test/active_route_manager_complex_test.dart: ActiveRouteManager complex deviations and merge Five deviations, merge back to route1, then deviate again to route2
00:02 +17 -1: D:/GeoWake/test/deviation_decision_tree_test.dart: Deviation thresholds: <100m ignored, 100ΓÇô150m switch, >150m reroute possible [E]
  Expected: true
    Actual: <false>
  100ΓÇô150m should switch locally
  
  package:matcher                                     expect
  package:flutter_test/src/widget_tester.dart 474:18  expect
  test\deviation_decision_tree_test.dart 83:7         main.<fn>
  
00:02 +17 -1: D:/GeoWake/test/active_route_manager_test.dart: ActiveRouteManager switching Switch from A to B then back to A with hysteresis
DEBUG: ARM: ingestPosition LatLng(0.0002, 0.0075)
DEBUG: ARM: ingestPosition LatLng(0.0002, 0.0075)
DEBUG: ARM: emitting state progress=834.8961809495518
00:02 +17 -1: D:/GeoWake/test/active_route_manager_complex_test.dart: ActiveRouteManager complex deviations and merge Five deviations, merge back to route1, then deviate again to route2
DEBUG: ARM: ingestPosition LatLng(0.0002, 0.004200000000000001)
DEBUG: ARM: ingestPosition LatLng(0.0002, 0.004200000000000001)
DEBUG: ARM: emitting state progress=467.54186133174903
00:02 +17 -1: D:/GeoWake/test/active_route_manager_test.dart: ActiveRouteManager switching Switch from A to B then back to A with hysteresis
Γ£à Switched from B back to A
00:02 +18 -1: D:/GeoWake/test/active_route_manager_complex_test.dart: ActiveRouteManager complex deviations and merge Five deviations, merge back to route1, then deviate again to route2
DEBUG: ARM: ingestPosition LatLng(0.0002, 0.004200000000000001)
DEBUG: ARM: ingestPosition LatLng(0.0002, 0.004200000000000001)
DEBUG: ARM: emitting state progress=467.54186133174903
00:02 +18 -1: D:/GeoWake/test/event_alarm_overlap_test.dart: Event alarm uses active route progress on overlapping routes
DEBUG: ARM: ingestPosition LatLng(32.00015, 2.0)
DEBUG: ARM: ingestPosition LatLng(32.00015, 2.0)
DEBUG: ARM: emitting state progress=0.0
00:02 +19 -1: D:/GeoWake/test/active_route_manager_complex_test.dart: ActiveRouteManager complex deviations and merge Five deviations, merge back to route1, then deviate again to route2
DEBUG: ARM: ingestPosition LatLng(0.0002, 0.004300000000000001)
DEBUG: ARM: ingestPosition LatLng(0.0002, 0.004300000000000001)
DEBUG: ARM: emitting state progress=478.6738104110765
DEBUG: ARM: ingestPosition LatLng(0.002, 0.005)
DEBUG: ARM: ingestPosition LatLng(0.002, 0.005)
DEBUG: ARM: emitting state progress=500.9377082645424
DEBUG: ARM: ingestPosition LatLng(0.002, 0.005)
DEBUG: ARM: ingestPosition LatLng(0.002, 0.005)
DEBUG: ARM: emitting state progress=500.9377082645424
00:02 +19 -1: D:/GeoWake/test/event_alarm_progress_source_test.dart: Event alarm uses manager progress (transfer within distance threshold)
DEBUG: ARM: ingestPosition LatLng(0.0, -0.01)
DEBUG: ARM: ingestPosition LatLng(0.0, -0.01)
DEBUG: ARM: emitting state progress=0.0
00:02 +19 -1: D:/GeoWake/test/active_route_manager_complex_test.dart: ActiveRouteManager complex deviations and merge Five deviations, merge back to route1, then deviate again to route2
DEBUG: ARM: ingestPosition LatLng(0.002, 0.005)
DEBUG: ARM: ingestPosition LatLng(0.002, 0.005)
DEBUG: ARM: emitting state progress=500.9377082645424
00:02 +19 -1: D:/GeoWake/test/event_alarm_progress_source_test.dart: Event alarm uses manager progress (transfer within distance threshold)
DEBUG: ARM: ingestPosition LatLng(0.0, 0.0)
DEBUG: ARM: ingestPosition LatLng(0.0, 0.0)
DEBUG: ARM: emitting state progress=0.0
00:02 +20 -1: D:/GeoWake/test/active_route_manager_complex_test.dart: ActiveRouteManager complex deviations and merge Five deviations, merge back to route1, then deviate again to route2
00:02 +21 -1: D:/GeoWake/test/active_route_manager_complex_test.dart: ActiveRouteManager complex deviations and merge Five deviations, merge back to route1, then deviate again to route2
DEBUG: ARM: ingestPosition LatLng(0.002, 0.005)
DEBUG: ARM: ingestPosition LatLng(0.002, 0.005)
DEBUG: ARM: emitting state progress=500.9377082645424
DEBUG: ARM: ingestPosition LatLng(0.002, 0.0051)
DEBUG: ARM: ingestPosition LatLng(0.002, 0.0051)
DEBUG: ARM: emitting state progress=512.0696573370877
00:02 +21 -1: D:/GeoWake/test/event_alarm_progress_source_test.dart: Event alarm uses manager progress (transfer within distance threshold)
DEBUG: ARM: ingestPosition LatLng(0.0058, 0.0058)
DEBUG: ARM: ingestPosition LatLng(0.0058, 0.0058)
DEBUG: ARM: emitting state progress=0.0
00:02 +21 -1: D:/GeoWake/test/active_route_manager_complex_test.dart: ActiveRouteManager complex deviations and merge Five deviations, merge back to route1, then deviate again to route2
DEBUG: ARM: ingestPosition LatLng(0.0002, 0.0052)
DEBUG: ARM: ingestPosition LatLng(0.0002, 0.0052)
DEBUG: ARM: emitting state progress=578.8613521250224
DEBUG: ARM: ingestPosition LatLng(0.0002, 0.0052)
DEBUG: ARM: ingestPosition LatLng(0.0002, 0.0052)
DEBUG: ARM: emitting state progress=578.8613521250224
DEBUG: ARM: ingestPosition LatLng(0.0002, 0.0052)
00:02 +21 -1: D:/GeoWake/test/metro_stops_prior_test.dart: Metro: pre-boarding 1km alert then stops-prior transfer alert
DEBUG: ARM: ingestPosition LatLng(-0.01, -0.01)
00:02 +21 -1: D:/GeoWake/test/active_route_manager_complex_test.dart: ActiveRouteManager complex deviations and merge Five deviations, merge back to route1, then deviate again to route2
DEBUG: ARM: ingestPosition LatLng(0.0002, 0.0052)
DEBUG: ARM: emitting state progress=578.8613521250224
00:02 +21 -1: D:/GeoWake/test/metro_stops_prior_test.dart: Metro: pre-boarding 1km alert then stops-prior transfer alert
DEBUG: ARM: ingestPosition LatLng(-0.01, -0.01)
DEBUG: ARM: emitting state progress=0.0
DEBUG: ARM: ingestPosition LatLng(-0.005, -0.005)
DEBUG: ARM: ingestPosition LatLng(-0.005, -0.005)
DEBUG: ARM: emitting state progress=787.1476646847964
00:02 +21 -1: D:/GeoWake/test/active_route_manager_complex_test.dart: ActiveRouteManager complex deviations and merge Five deviations, merge back to route1, then deviate again to route2
DEBUG: ARM: ingestPosition LatLng(0.0002, 0.0053)
DEBUG: ARM: ingestPosition LatLng(0.0002, 0.0053)
DEBUG: ARM: emitting state progress=589.9933012043499
00:02 +22 -1: D:/GeoWake/test/active_route_manager_complex_test.dart: ActiveRouteManager complex deviations and merge Five deviations, merge back to route1, then deviate again to route2
DEBUG: ARM: ingestPosition LatLng(0.002, 0.006)
DEBUG: ARM: ingestPosition LatLng(0.002, 0.006)
DEBUG: ARM: emitting state progress=612.2571989899963
DEBUG: ARM: ingestPosition LatLng(0.002, 0.006)
DEBUG: ARM: ingestPosition LatLng(0.002, 0.006)
DEBUG: ARM: emitting state progress=612.2571989899963
00:03 +22 -1: D:/GeoWake/test/metro_stops_prior_test.dart: Metro: pre-boarding 1km alert then stops-prior transfer alert
DEBUG: ARM: ingestPosition LatLng(-0.004, -0.004)
DEBUG: ARM: ingestPosition LatLng(-0.004, -0.004)
DEBUG: ARM: emitting state progress=944.5771980773354
00:03 +22 -1: D:/GeoWake/test/active_route_manager_complex_test.dart: ActiveRouteManager complex deviations and merge Five deviations, merge back to route1, then deviate again to route2
DEBUG: ARM: ingestPosition LatLng(0.002, 0.006)
DEBUG: ARM: ingestPosition LatLng(0.002, 0.006)
DEBUG: ARM: emitting state progress=612.2571989899963
00:03 +22 -1: D:/GeoWake/test/event_alarm_progress_source_test.dart: Event alarm uses manager progress (transfer within distance threshold)
DEBUG: Recorded alarms in event test: []
00:03 +22 -2: D:/GeoWake/test/active_route_manager_complex_test.dart: ActiveRouteManager complex deviations and merge Five deviations, merge back to route1, then deviate again to route2
00:03 +22 -2: D:/GeoWake/test/event_alarm_progress_source_test.dart: Event alarm uses manager progress (transfer within distance threshold) [E]
  Expected: true
    Actual: <false>
  Expected an upcoming event alarm based on progress threshold
  
  package:matcher                                     expect
  package:flutter_test/src/widget_tester.dart 474:18  expect
  test\event_alarm_progress_source_test.dart 181:7    main.<fn>
  
00:03 +22 -2: D:/GeoWake/test/active_route_manager_complex_test.dart: ActiveRouteManager complex deviations and merge Five deviations, merge back to route1, then deviate again to route2
DEBUG: ARM: ingestPosition LatLng(0.002, 0.006)
DEBUG: ARM: ingestPosition LatLng(0.002, 0.006)
DEBUG: ARM: emitting state progress=612.2571989899963
00:03 +22 -2: D:/GeoWake/test/metro_stops_prior_test.dart: Metro: pre-boarding 1km alert then stops-prior transfer alert
DEBUG: ARM: ingestPosition LatLng(-0.003, -0.003)
DEBUG: ARM: ingestPosition LatLng(-0.003, -0.003)
DEBUG: ARM: emitting state progress=1102.0067315657861
00:03 +22 -2: D:/GeoWake/test/mixed_mode_alarm_test.dart: Mixed Mode: Alarm fires 1km (2 stops) before boarding
DEBUG: ARM: ingestPosition LatLng(0.0, 0.0)
DEBUG: ARM: ingestPosition LatLng(0.0, 0.0)
DEBUG: ARM: emitting state progress=0.0
00:03 +22 -2: D:/GeoWake/test/active_route_manager_complex_test.dart: ActiveRouteManager complex deviations and merge Five deviations, merge back to route1, then deviate again to route2
DEBUG: ARM: ingestPosition LatLng(0.002, 0.0061)
DEBUG: ARM: ingestPosition LatLng(0.002, 0.0061)
DEBUG: ARM: emitting state progress=623.3891480625416
00:03 +22 -2: D:/GeoWake/test/mixed_mode_alarm_test.dart: Mixed Mode: Alarm fires 1km (2 stops) before boarding
DEBUG: ARM: ingestPosition LatLng(0.006, 0.006)
DEBUG: ARM: ingestPosition LatLng(0.006, 0.006)
DEBUG: ARM: emitting state progress=0.0
00:03 +22 -2: D:/GeoWake/test/active_route_manager_complex_test.dart: ActiveRouteManager complex deviations and merge Five deviations, merge back to route1, then deviate again to route2
DEBUG: ARM: ingestPosition LatLng(0.0002, 0.006200000000000001)
DEBUG: ARM: ingestPosition LatLng(0.0002, 0.006200000000000001)
DEBUG: ARM: emitting state progress=690.1808429182962
00:03 +22 -2: D:/GeoWake/test/metro_stops_prior_test.dart: Metro: pre-boarding 1km alert then stops-prior transfer alert
DEBUG: ARM: ingestPosition LatLng(-0.002, -0.002)
DEBUG: ARM: ingestPosition LatLng(-0.002, -0.002)
DEBUG: ARM: emitting state progress=1259.4362651261706
00:03 +22 -2: D:/GeoWake/test/mixed_mode_regression_test.dart: Mixed Mode Regression Test: Walk -> Metro -> Transfer
DEBUG: ARM: ingestPosition LatLng(0.0, 0.0)
00:03 +22 -2: D:/GeoWake/test/active_route_manager_complex_test.dart: ActiveRouteManager complex deviations and merge Five deviations, merge back to route1, then deviate again to route2
DEBUG: ARM: ingestPosition LatLng(0.0002, 0.006200000000000001)
DEBUG: ARM: ingestPosition LatLng(0.0002, 0.006200000000000001)
DEBUG: ARM: emitting state progress=690.1808429182962
00:03 +22 -2: D:/GeoWake/test/mixed_mode_regression_test.dart: Mixed Mode Regression Test: Walk -> Metro -> Transfer
DEBUG: ARM: ingestPosition LatLng(0.0, 0.0)
DEBUG: ARM: emitting state progress=0.0
00:03 +22 -2: D:/GeoWake/test/active_route_manager_complex_test.dart: ActiveRouteManager complex deviations and merge Five deviations, merge back to route1, then deviate again to route2
DEBUG: ARM: ingestPosition LatLng(0.0002, 0.006200000000000001)
DEBUG: ARM: ingestPosition LatLng(0.0002, 0.006200000000000001)
DEBUG: ARM: emitting state progress=690.1808429182962
00:03 +22 -2: D:/GeoWake/test/metro_stops_prior_test.dart: Metro: pre-boarding 1km alert then stops-prior transfer alert
DEBUG: ARM: ingestPosition LatLng(-0.001, -0.001)
DEBUG: ARM: ingestPosition LatLng(-0.001, -0.001)
DEBUG: ARM: emitting state progress=1416.8657987345111
00:03 +23 -2: D:/GeoWake/test/active_route_manager_complex_test.dart: ActiveRouteManager complex deviations and merge Five deviations, merge back to route1, then deviate again to route2
00:03 +24 -2: D:/GeoWake/test/active_route_manager_complex_test.dart: ActiveRouteManager complex deviations and merge Five deviations, merge back to route1, then deviate again to route2
00:03 +25 -2: D:/GeoWake/test/active_route_manager_complex_test.dart: ActiveRouteManager complex deviations and merge Five deviations, merge back to route1, then deviate again to route2
00:03 +26 -2: D:/GeoWake/test/active_route_manager_complex_test.dart: ActiveRouteManager complex deviations and merge Five deviations, merge back to route1, then deviate again to route2
DEBUG: ARM: ingestPosition LatLng(0.0002, 0.006300000000000001)
DEBUG: ARM: ingestPosition LatLng(0.0002, 0.006300000000000001)
DEBUG: ARM: emitting state progress=701.3127919976235
00:03 +27 -2: D:/GeoWake/test/active_route_manager_complex_test.dart: ActiveRouteManager complex deviations and merge Five deviations, merge back to route1, then deviate again to route2
00:03 +28 -2: D:/GeoWake/test/active_route_manager_complex_test.dart: ActiveRouteManager complex deviations and merge Five deviations, merge back to route1, then deviate again to route2
00:03 +29 -2: D:/GeoWake/test/active_route_manager_complex_test.dart: ActiveRouteManager complex deviations and merge Five deviations, merge back to route1, then deviate again to route2
00:03 +30 -2: D:/GeoWake/test/active_route_manager_complex_test.dart: ActiveRouteManager complex deviations and merge Five deviations, merge back to route1, then deviate again to route2
DEBUG: ARM: ingestPosition LatLng(0.0002, 0.008)
DEBUG: ARM: ingestPosition LatLng(0.0002, 0.008)
DEBUG: ARM: emitting state progress=890.5559263461886
DEBUG: ARM: ingestPosition LatLng(0.0002, 0.008)
DEBUG: ARM: ingestPosition LatLng(0.0002, 0.008)
DEBUG: ARM: emitting state progress=890.5559263461886
DEBUG: ARM: ingestPosition LatLng(0.0002, 0.008)
DEBUG: ARM: ingestPosition LatLng(0.0002, 0.008)
DEBUG: ARM: emitting state progress=890.5559263461886
00:03 +30 -2: D:/GeoWake/test/metro_stops_prior_test.dart: Metro: pre-boarding 1km alert then stops-prior transfer alert
DEBUG: ARM: ingestPosition LatLng(0.0, 0.0)
DEBUG: ARM: ingestPosition LatLng(0.0, 0.0)
DEBUG: ARM: emitting state progress=1574.295332366829
00:03 +31 -2: D:/GeoWake/test/active_route_manager_complex_test.dart: ActiveRouteManager complex deviations and merge Five deviations, merge back to route1, then deviate again to route2
00:03 +31 -2: D:/GeoWake/test/mixed_mode_alarm_test.dart: Mixed Mode: Alarm fires 1km (2 stops) before boarding
DEBUG: Recorded Alarms: [{title: Wake Up!, body: Approaching: Approaching metro station, allow: true, ts: 2025-12-10T23:27:31.719244}, {title: Wake Up!, body: Approaching: Board transit (1.3 stops left), allow: true, ts: 2025-12-10T23:27:31.814462}]
00:03 +31 -3: D:/GeoWake/test/active_route_manager_complex_test.dart: ActiveRouteManager complex deviations and merge Five deviations, merge back to route1, then deviate again to route2
00:03 +31 -3: D:/GeoWake/test/mixed_mode_alarm_test.dart: Mixed Mode: Alarm fires 1km (2 stops) before boarding [E]
  Expected: true
    Actual: <false>
  Alarm should fire ~600m (1.2 stops) before boarding Station A
  
  package:matcher                                     expect
  package:flutter_test/src/widget_tester.dart 474:18  expect
  test\mixed_mode_alarm_test.dart 179:7               main.<fn>
  
00:03 +31 -3: D:/GeoWake/test/active_route_manager_complex_test.dart: ActiveRouteManager complex deviations and merge Five deviations, merge back to route1, then deviate again to route2
DEBUG: ARM: ingestPosition LatLng(0.0001, 0.0085)
DEBUG: ARM: ingestPosition LatLng(0.0001, 0.0085)
DEBUG: ARM: emitting state progress=946.2156717428254
00:03 +32 -3: D:/GeoWake/test/active_route_manager_complex_test.dart: ActiveRouteManager complex deviations and merge Five deviations, merge back to route1, then deviate again to route2
00:03 +32 -3: D:/GeoWake/test/offline_coordinator_test.dart: OfflineCoordinator Online uses network provider and emits network source

===== OfflineCoordinator: online fetch path =====
Γ£à Fetched via network and returned OK
00:03 +33 -3: D:/GeoWake/test/active_route_manager_complex_test.dart: ActiveRouteManager complex deviations and merge Five deviations, merge back to route1, then deviate again to route2
DEBUG: ARM: ingestPosition LatLng(0.001, 0.009)
DEBUG: ARM: ingestPosition LatLng(0.001, 0.009)
DEBUG: ARM: emitting state progress=968.4470509317737
00:03 +33 -3: D:/GeoWake/test/offline_coordinator_test.dart: OfflineCoordinator Offline returns cached when available and never calls network

===== OfflineCoordinator: offline uses cache =====
Γ£à Served from cache without network
00:03 +34 -3: D:/GeoWake/test/active_route_manager_complex_test.dart: ActiveRouteManager complex deviations and merge Five deviations, merge back to route1, then deviate again to route2
00:04 +34 -3: D:/GeoWake/test/offline_coordinator_test.dart: OfflineCoordinator Offline without cache throws

===== OfflineCoordinator: offline no cache -> error =====
Γ£à Threw as expected due to no cache while offline
00:04 +35 -3: D:/GeoWake/test/active_route_manager_complex_test.dart: ActiveRouteManager complex deviations and merge Five deviations, merge back to route1, then deviate again to route2
DEBUG: ARM: ingestPosition LatLng(0.001, 0.009)
DEBUG: ARM: ingestPosition LatLng(0.001, 0.009)
DEBUG: ARM: emitting state progress=968.4470509317737
00:04 +35 -3: D:/GeoWake/test/metro_stops_prior_test.dart: Metro: pre-boarding 1km alert then stops-prior transfer alert
DEBUG: ARM: ingestPosition LatLng(0.007, 0.007)
DEBUG: ARM: ingestPosition LatLng(0.007, 0.007)
DEBUG: ARM: emitting state progress=2676.3020664502933
DEBUG: ARM: ingestPosition LatLng(0.008, 0.008)
DEBUG: ARM: ingestPosition LatLng(0.008, 0.008)
DEBUG: ARM: emitting state progress=2833.731599411231
00:04 +35 -3: D:/GeoWake/test/active_route_manager_complex_test.dart: ActiveRouteManager complex deviations and merge Five deviations, merge back to route1, then deviate again to route2
DEBUG: ARM: ingestPosition LatLng(0.001, 0.009)
DEBUG: ARM: ingestPosition LatLng(0.001, 0.009)
DEBUG: ARM: emitting state progress=968.4470509317737
00:04 +35 -3: D:/GeoWake/test/metro_stops_prior_test.dart: Metro: pre-boarding 1km alert then stops-prior transfer alert
DEBUG: ARM: ingestPosition LatLng(0.01, 0.01)
DEBUG: ARM: ingestPosition LatLng(0.01, 0.01)
DEBUG: ARM: emitting state progress=3148.590664733658
00:04 +35 -3: D:/GeoWake/test/active_route_manager_complex_test.dart: ActiveRouteManager complex deviations and merge Five deviations, merge back to route1, then deviate again to route2
DEBUG: ARM: ingestPosition LatLng(0.001, 0.009)
DEBUG: ARM: ingestPosition LatLng(0.001, 0.009)
DEBUG: ARM: emitting state progress=968.4470509317737
00:04 +36 -3: D:/GeoWake/test/active_route_manager_complex_test.dart: ActiveRouteManager complex deviations and merge Five deviations, merge back to route1, then deviate again to route2
DEBUG: ARM: ingestPosition LatLng(0.002, 0.0095)
DEBUG: ARM: ingestPosition LatLng(0.002, 0.0095)
DEBUG: ARM: emitting state progress=969.144203871122
DEBUG: ARM: ingestPosition LatLng(0.002, 0.01)
DEBUG: ARM: ingestPosition LatLng(0.002, 0.01)
DEBUG: ARM: emitting state progress=1019.0672241963962
00:04 +37 -3: D:/GeoWake/test/active_route_manager_complex_test.dart: ActiveRouteManager complex deviations and merge Five deviations, merge back to route1, then deviate again to route2
00:04 +38 -3: D:/GeoWake/test/active_route_manager_complex_test.dart: ActiveRouteManager complex deviations and merge Five deviations, merge back to route1, then deviate again to route2
00:04 +39 -3: D:/GeoWake/test/polyline_simplifier_test.dart: PolylineSimplifier simplifyPolyline reduces points when tolerance is low
00:04 +40 -3: D:/GeoWake/test/polyline_simplifier_test.dart: PolylineSimplifier simplifyPolyline reduces points when tolerance is higher
00:04 +41 -3: D:/GeoWake/test/polyline_simplifier_test.dart: PolylineSimplifier compress and decompress polyline
00:04 +42 -3: D:/GeoWake/test/power_policy_tracking_test.dart: TrackingService uses testing power policy cadence without errors
00:05 +42 -3: D:/GeoWake/test/rapid_deviations_vm_test.dart: Rapid many deviations stress route-switch hysteresis
DEBUG: ARM: ingestPosition LatLng(12.96, 77.585)
DEBUG: ARM: ingestPosition LatLng(12.96, 77.585)
DEBUG: ARM: emitting state progress=0.0
DEBUG: ARM: ingestPosition LatLng(12.96, 77.58505)
DEBUG: ARM: ingestPosition LatLng(12.96, 77.58505)
DEBUG: ARM: emitting state progress=5.424191762328208
00:05 +43 -3: D:/GeoWake/test/rapid_deviations_vm_test.dart: Rapid many deviations stress route-switch hysteresis
DEBUG: ARM: ingestPosition LatLng(12.96, 77.5851)
DEBUG: ARM: ingestPosition LatLng(12.96, 77.5851)
DEBUG: ARM: emitting state progress=10.848383524656416
DEBUG: ARM: ingestPosition LatLng(12.96, 77.58515)
DEBUG: ARM: ingestPosition LatLng(12.96, 77.58515)
DEBUG: ARM: emitting state progress=16.272575286984626
DEBUG: ARM: ingestPosition LatLng(12.96, 77.5852)
DEBUG: ARM: ingestPosition LatLng(12.96, 77.5852)
DEBUG: ARM: emitting state progress=21.696767049312832
DEBUG: ARM: ingestPosition LatLng(12.96, 77.58524999999999)
DEBUG: ARM: ingestPosition LatLng(12.96, 77.58524999999999)
DEBUG: ARM: emitting state progress=27.12095881164104
00:05 +43 -3: D:/GeoWake/test/reproduce_stop_alarm_overshoot_test.dart: Reproduce Overshoot: Alarm skipped when arriving at switch point
DEBUG: ARM: ingestPosition LatLng(0.0, 0.0)
DEBUG: ARM: ingestPosition LatLng(0.0, 0.0)
DEBUG: ARM: emitting state progress=0.0
00:05 +43 -3: D:/GeoWake/test/rapid_deviations_vm_test.dart: Rapid many deviations stress route-switch hysteresis
DEBUG: ARM: ingestPosition LatLng(12.96, 77.58529999999999)
DEBUG: ARM: ingestPosition LatLng(12.96, 77.58529999999999)
DEBUG: ARM: emitting state progress=32.54515057396925
DEBUG: ARM: ingestPosition LatLng(12.96, 77.58534999999999)
DEBUG: ARM: ingestPosition LatLng(12.96, 77.58534999999999)
DEBUG: ARM: emitting state progress=37.96934233475581
00:05 +43 -3: D:/GeoWake/test/reproduce_stop_alarm_overshoot_test.dart: Reproduce Overshoot: Alarm skipped when arriving at switch point
DEBUG: ARM: ingestPosition LatLng(0.01, 0.01)
DEBUG: ARM: ingestPosition LatLng(0.01, 0.01)
DEBUG: ARM: emitting state progress=0.0
00:05 +43 -3: D:/GeoWake/test/rapid_deviations_vm_test.dart: Rapid many deviations stress route-switch hysteresis
DEBUG: ARM: ingestPosition LatLng(12.96, 77.58539999999999)
DEBUG: ARM: ingestPosition LatLng(12.96, 77.58539999999999)
DEBUG: ARM: emitting state progress=43.393534097084014
DEBUG: ARM: ingestPosition LatLng(12.96, 77.58545)
DEBUG: ARM: ingestPosition LatLng(12.96, 77.58545)
DEBUG: ARM: emitting state progress=48.81772585941222
00:05 +43 -3: D:/GeoWake/test/reproduce_stop_alarm_overshoot_test.dart: Reproduce Overshoot: Alarm skipped when arriving at switch point
DEBUG: ARM: ingestPosition LatLng(0.02, 0.02)
DEBUG: ARM: ingestPosition LatLng(0.02, 0.02)
DEBUG: ARM: emitting state progress=0.0
00:05 +43 -3: D:/GeoWake/test/rapid_deviations_vm_test.dart: Rapid many deviations stress route-switch hysteresis
DEBUG: ARM: ingestPosition LatLng(12.96, 77.5855)
DEBUG: ARM: ingestPosition LatLng(12.96, 77.5855)
DEBUG: ARM: emitting state progress=54.24191762174043
DEBUG: ARM: ingestPosition LatLng(12.96, 77.58555)
DEBUG: ARM: ingestPosition LatLng(12.96, 77.58555)
DEBUG: ARM: emitting state progress=59.66610938406863
DEBUG: ARM: ingestPosition LatLng(12.96, 77.5856)
DEBUG: ARM: ingestPosition LatLng(12.96, 77.5856)
00:05 +44 -3: D:/GeoWake/test/rapid_deviations_vm_test.dart: Rapid many deviations stress route-switch hysteresis
DEBUG: ARM: emitting state progress=65.09030114639684
DEBUG: ARM: ingestPosition LatLng(12.96, 77.58564999999999)
DEBUG: ARM: ingestPosition LatLng(12.96, 77.58564999999999)
DEBUG: ARM: emitting state progress=70.5144929071834
DEBUG: ARM: ingestPosition LatLng(12.96, 77.58569999999999)
DEBUG: ARM: ingestPosition LatLng(12.96, 77.58569999999999)
DEBUG: ARM: emitting state progress=75.9386846695116
DEBUG: ARM: ingestPosition LatLng(12.96, 77.58574999999999)
DEBUG: ARM: ingestPosition LatLng(12.96, 77.58574999999999)
DEBUG: ARM: emitting state progress=81.36287643183981
DEBUG: ARM: ingestPosition LatLng(12.96, 77.58579999999999)
DEBUG: ARM: ingestPosition LatLng(12.96, 77.58579999999999)
DEBUG: ARM: emitting state progress=86.78706819416801
00:06 +45 -3: D:/GeoWake/test/rapid_deviations_vm_test.dart: Rapid many deviations stress route-switch hysteresis
00:06 +46 -3: D:/GeoWake/test/rapid_deviations_vm_test.dart: Rapid many deviations stress route-switch hysteresis
DEBUG: ARM: ingestPosition LatLng(12.96, 77.58585)
DEBUG: ARM: ingestPosition LatLng(12.96, 77.58585)
DEBUG: ARM: emitting state progress=92.21125995649622
DEBUG: ARM: ingestPosition LatLng(12.96, 77.5859)
DEBUG: ARM: ingestPosition LatLng(12.96, 77.5859)
DEBUG: ARM: emitting state progress=97.63545171882443
DEBUG: ARM: ingestPosition LatLng(12.96, 77.58595)
DEBUG: ARM: ingestPosition LatLng(12.96, 77.58595)
DEBUG: ARM: emitting state progress=103.05964348115263
00:06 +46 -3: D:/GeoWake/test/reproduce_stop_alarm_overshoot_test.dart: Reproduce Overshoot: Alarm skipped when arriving at switch point
DEBUG: Recorded Alarms: [{title: Wake Up!, body: Approaching: Approaching metro station, allow: true, ts: 2025-12-10T23:27:34.097866}, {title: Wake Up!, body: Approaching: Board transit (0.3 stops left), allow: true, ts: 2025-12-10T23:27:34.187312}, {title: Wake Up!, body: Approaching: Station B (Transfer) (0.1 stops left), allow: true, ts: 2025-12-10T23:27:34.288182}]
00:06 +46 -4: D:/GeoWake/test/rapid_deviations_vm_test.dart: Rapid many deviations stress route-switch hysteresis
00:06 +46 -4: D:/GeoWake/test/reproduce_stop_alarm_overshoot_test.dart: Reproduce Overshoot: Alarm skipped when arriving at switch point [E]
  Expected: true
    Actual: <false>
  Alarm should fire for Station B transfer even if we arrive exactly at it
  
  package:matcher                                      expect
  package:flutter_test/src/widget_tester.dart 474:18   expect
  test\reproduce_stop_alarm_overshoot_test.dart 207:7  main.<fn>
  
00:06 +46 -4: D:/GeoWake/test/rapid_deviations_vm_test.dart: Rapid many deviations stress route-switch hysteresis
DEBUG: ARM: ingestPosition LatLng(12.96, 77.586)
DEBUG: ARM: ingestPosition LatLng(12.96, 77.586)
DEBUG: ARM: emitting state progress=108.48383524348084
DEBUG: ARM: ingestPosition LatLng(12.960030000000001, 77.58605)
DEBUG: ARM: ingestPosition LatLng(12.960030000000001, 77.58605)
DEBUG: ARM: emitting state progress=113.90802700580905
00:06 +47 -4: D:/GeoWake/test/rapid_deviations_vm_test.dart: Rapid many deviations stress route-switch hysteresis
DEBUG: ARM: ingestPosition LatLng(12.96006, 77.5861)
DEBUG: ARM: ingestPosition LatLng(12.96006, 77.5861)
DEBUG: ARM: emitting state progress=119.3322187665956
DEBUG: ARM: ingestPosition LatLng(12.960090000000001, 77.58615)
DEBUG: ARM: ingestPosition LatLng(12.960090000000001, 77.58615)
DEBUG: ARM: emitting state progress=124.75641052892381
DEBUG: ARM: ingestPosition LatLng(12.960120000000002, 77.5862)
DEBUG: ARM: ingestPosition LatLng(12.960120000000002, 77.5862)
DEBUG: ARM: emitting state progress=130.18060229125203
DEBUG: ARM: ingestPosition LatLng(12.96015, 77.58624999999999)
DEBUG: ARM: ingestPosition LatLng(12.96015, 77.58624999999999)
DEBUG: ARM: emitting state progress=135.60479405203859
00:06 +48 -4: D:/GeoWake/test/rapid_deviations_vm_test.dart: Rapid many deviations stress route-switch hysteresis
DEBUG: ARM: ingestPosition LatLng(12.960180000000001, 77.5863)
DEBUG: ARM: ingestPosition LatLng(12.960180000000001, 77.5863)
DEBUG: ARM: emitting state progress=141.0289858143668
DEBUG: ARM: ingestPosition LatLng(12.96021, 77.58635)
DEBUG: ARM: ingestPosition LatLng(12.96021, 77.58635)
DEBUG: ARM: emitting state progress=146.453177576695
DEBUG: ARM: ingestPosition LatLng(12.96024, 77.5864)
DEBUG: ARM: ingestPosition LatLng(12.96024, 77.5864)
DEBUG: ARM: emitting state progress=151.8773693421065
00:06 +48 -4: D:/GeoWake/test/route_registry_test.dart: RouteRegistry candidate filtering by proximity and recency

===== RouteRegistry candidate filtering =====
Γä╣∩╕Å  Candidates near approximate origin: [C, A]
Γ£à Near list contains A and C, excludes distant B
00:06 +49 -4: D:/GeoWake/test/rapid_deviations_vm_test.dart: Rapid many deviations stress route-switch hysteresis
DEBUG: ARM: ingestPosition LatLng(12.960270000000001, 77.58645)
DEBUG: ARM: ingestPosition LatLng(12.960270000000001, 77.58645)
DEBUG: ARM: emitting state progress=85.7160079109373
DEBUG: ARM: ingestPosition LatLng(12.961, 77.5865)
DEBUG: ARM: ingestPosition LatLng(12.961, 77.5865)
DEBUG: ARM: emitting state progress=161.41326165006828
DEBUG: ARM: ingestPosition LatLng(12.96101, 77.5865)
DEBUG: ARM: ingestPosition LatLng(12.96101, 77.5865)
DEBUG: ARM: emitting state progress=161.41326165006828
DEBUG: ARM: ingestPosition LatLng(12.96102, 77.5865)
DEBUG: ARM: ingestPosition LatLng(12.96102, 77.5865)
DEBUG: ARM: emitting state progress=161.41326165006828
DEBUG: ARM: ingestPosition LatLng(12.961030000000001, 77.5865)
DEBUG: ARM: ingestPosition LatLng(12.961030000000001, 77.5865)
DEBUG: ARM: emitting state progress=161.41326165006828
DEBUG: ARM: ingestPosition LatLng(12.96104, 77.5865)
DEBUG: ARM: ingestPosition LatLng(12.96104, 77.5865)
DEBUG: ARM: emitting state progress=161.41326165006828
DEBUG: ARM: ingestPosition LatLng(12.96105, 77.5865)
DEBUG: ARM: ingestPosition LatLng(12.96105, 77.5865)
DEBUG: ARM: emitting state progress=161.41326165006828
DEBUG: ARM: ingestPosition LatLng(12.96106, 77.5865)
DEBUG: ARM: ingestPosition LatLng(12.96106, 77.5865)
DEBUG: ARM: emitting state progress=161.41326165006828
DEBUG: ARM: ingestPosition LatLng(12.96107, 77.5865)
DEBUG: ARM: ingestPosition LatLng(12.96107, 77.5865)
DEBUG: ARM: emitting state progress=161.41326165006828
DEBUG: ARM: ingestPosition LatLng(12.96108, 77.5865)
DEBUG: ARM: ingestPosition LatLng(12.96108, 77.5865)
DEBUG: ARM: emitting state progress=161.41326165006828
DEBUG: ARM: ingestPosition LatLng(12.96109, 77.5865)
DEBUG: ARM: ingestPosition LatLng(12.96109, 77.5865)
DEBUG: ARM: emitting state progress=161.41326165006828
00:07 +49 -4: D:/GeoWake/test/simplified_polyline_present_test.dart: DirectionService injects simplified_polyline into directions

===== DirectionService: simplified_polyline injection =====
00:07 +49 -4: D:/GeoWake/test/rapid_deviations_vm_test.dart: Rapid many deviations stress route-switch hysteresis
DEBUG: ARM: ingestPosition LatLng(12.961, 77.5865)
DEBUG: ARM: ingestPosition LatLng(12.961, 77.5865)
DEBUG: ARM: emitting state progress=161.41326165006828
00:07 +49 -4: D:/GeoWake/test/simplified_polyline_present_test.dart: DirectionService injects simplified_polyline into directions
Γ£à simplified_polyline present in response
00:07 +50 -4: D:/GeoWake/test/rapid_deviations_vm_test.dart: Rapid many deviations stress route-switch hysteresis
DEBUG: ARM: ingestPosition LatLng(12.96097, 77.58645)
DEBUG: ARM: ingestPosition LatLng(12.96097, 77.58645)
DEBUG: ARM: emitting state progress=161.41326165006828
DEBUG: ARM: ingestPosition LatLng(12.96094, 77.5864)
DEBUG: ARM: ingestPosition LatLng(12.96094, 77.5864)
DEBUG: ARM: emitting state progress=160.30006674237544
DEBUG: ARM: ingestPosition LatLng(12.96091, 77.58635)
DEBUG: ARM: ingestPosition LatLng(12.96091, 77.58635)
DEBUG: ARM: emitting state progress=156.96048201850593
DEBUG: ARM: ingestPosition LatLng(12.96088, 77.5863)
DEBUG: ARM: ingestPosition LatLng(12.96088, 77.5863)
DEBUG: ARM: emitting state progress=153.6208972946364
00:07 +50 -4: D:/GeoWake/test/simulated_route_integration_test.dart: Simulated fast route with deviations triggers alarm and notifications
TEST-HOOK: showWakeUpAlarm -> Wake Up! | Approaching: TestDest | allow=false
TEST-HOOK: showWakeUpAlarm -> Wake Up! | Approaching: TestDest | allow=false
00:07 +50 -4: D:/GeoWake/test/rapid_deviations_vm_test.dart: Rapid many deviations stress route-switch hysteresis
DEBUG: ARM: ingestPosition LatLng(12.96085, 77.58625)
DEBUG: ARM: ingestPosition LatLng(12.96085, 77.58625)
DEBUG: ARM: emitting state progress=150.28131257116235
DEBUG: ARM: ingestPosition LatLng(12.96082, 77.5862)
DEBUG: ARM: ingestPosition LatLng(12.96082, 77.5862)
DEBUG: ARM: emitting state progress=146.94172784709508
00:07 +50 -4: D:/GeoWake/test/snap_to_route_test.dart: SnapToRouteEngine Snaps near first segment with small lateral offset

===== SnapToRoute: basic projection =====
Γä╣∩╕Å  Segment index=0, offsetΓëê55.7 m, progressΓëê556.6 m
00:07 +51 -4: D:/GeoWake/test/rapid_deviations_vm_test.dart: Rapid many deviations stress route-switch hysteresis
00:07 +51 -4: D:/GeoWake/test/snap_to_route_test.dart: SnapToRouteEngine Respects hintIndex to keep continuity
Γä╣∩╕Å  r1.progressΓëê556.6 m -> r2.progressΓëê667.9 m
00:07 +52 -4: D:/GeoWake/test/rapid_deviations_vm_test.dart: Rapid many deviations stress route-switch hysteresis
00:07 +52 -4: D:/GeoWake/test/snap_to_route_test.dart: SnapToRouteEngine Snaps to second segment once past the corner
Γä╣∩╕Å  Segment index=1, offsetΓëê22.3 m
00:07 +53 -4: D:/GeoWake/test/rapid_deviations_vm_test.dart: Rapid many deviations stress route-switch hysteresis
DEBUG: ARM: ingestPosition LatLng(12.960790000000001, 77.58615)
DEBUG: ARM: ingestPosition LatLng(12.960790000000001, 77.58615)
DEBUG: ARM: emitting state progress=143.6021431234233
DEBUG: ARM: ingestPosition LatLng(12.96076, 77.5861)
DEBUG: ARM: ingestPosition LatLng(12.96076, 77.5861)
DEBUG: ARM: emitting state progress=140.26255839975153
DEBUG: ARM: ingestPosition LatLng(12.96073, 77.58605)
DEBUG: ARM: ingestPosition LatLng(12.96073, 77.58605)
DEBUG: ARM: emitting state progress=136.92297367568426
00:08 +54 -4: D:/GeoWake/test/rapid_deviations_vm_test.dart: Rapid many deviations stress route-switch hysteresis
00:08 +55 -4: D:/GeoWake/test/rapid_deviations_vm_test.dart: Rapid many deviations stress route-switch hysteresis
00:08 +56 -4: D:/GeoWake/test/rapid_deviations_vm_test.dart: Rapid many deviations stress route-switch hysteresis
00:08 +57 -4: D:/GeoWake/test/rapid_deviations_vm_test.dart: Rapid many deviations stress route-switch hysteresis
00:08 +58 -4: D:/GeoWake/test/rapid_deviations_vm_test.dart: Rapid many deviations stress route-switch hysteresis
00:08 +59 -4: D:/GeoWake/test/rapid_deviations_vm_test.dart: Rapid many deviations stress route-switch hysteresis
00:08 +60 -4: D:/GeoWake/test/simulated_route_integration_test.dart: Simulated fast route with deviations triggers alarm and notifications
00:09 +60 -4: D:/GeoWake/test/tracking_service_connectivity_test.dart: TrackingService Connectivity Simulation Activates sensor fusion after GPS dropout and stops when GPS resumes

===== TrackingService: GPS dropout -> sensor fusion =====
Γ₧í∩╕Å  Emit initial GPS update
00:09 +60 -5: D:/GeoWake/test/simulated_route_integration_test.dart: Simulated fast route with deviations triggers alarm and notifications
00:09 +60 -5: D:/GeoWake/test/time_alarm_vm_test.dart: Time-based alarm triggers after eligibility and ETA drops below threshold [E]
  Expected: a value less than or equal to <1>
    Actual: <2>
     Which: is not a value less than or equal to <1>
  
  package:matcher                                     expect
  package:flutter_test/src/widget_tester.dart 474:18  expect
  test\time_alarm_vm_test.dart 52:5                   main.<fn>
  
00:09 +60 -5: D:/GeoWake/test/tracking_service_reroute_integration_test.dart: TrackingService deviation/reroute + manager integration Triggers sustained deviation and emits reroute decision; manager switches to nearby cached route

===== Scenario: sustained deviation and route switch =====
Γ₧í∩╕Å  Registering two cached routes r1 (E-W) and r2 (N-S)
Γ₧í∩╕Å  Starting tracking (test mode, accelerated timers)
Γ₧í∩╕Å  Feeding GPS near r1, then crossing to r2 zone
DEBUG: ARM: ingestPosition LatLng(0.0, -0.008)
DEBUG: ARM: ingestPosition LatLng(0.0, -0.008)
DEBUG: ARM: emitting state progress=222.63898158654712
00:09 +61 -5: D:/GeoWake/test/simulated_route_integration_test.dart: Simulated fast route with deviations triggers alarm and notifications
00:09 +62 -5: D:/GeoWake/test/simulated_route_integration_test.dart: Simulated fast route with deviations triggers alarm and notifications
00:09 +62 -5: D:/GeoWake/test/tracking_service_reroute_integration_test.dart: TrackingService deviation/reroute + manager integration Triggers sustained deviation and emits reroute decision; manager switches to nearby cached route
DEBUG: ARM: ingestPosition LatLng(0.0, -0.004)
DEBUG: ARM: ingestPosition LatLng(0.0, -0.004)
DEBUG: ARM: emitting state progress=667.9169447596413
00:09 +62 ~1 -5: D:/GeoWake/test/simulated_route_integration_test.dart: Simulated fast route with deviations triggers alarm and notifications
00:09 +62 ~1 -5: D:/GeoWake/test/tracking_service_reroute_integration_test.dart: TrackingService deviation/reroute + manager integration Triggers sustained deviation and emits reroute decision; manager switches to nearby cached route
DEBUG: ARM: ingestPosition LatLng(0.0, -0.0005)
DEBUG: ARM: ingestPosition LatLng(0.0, -0.0005)
DEBUG: ARM: emitting state progress=1057.5351625360986
DEBUG: ARM: ingestPosition LatLng(0.002, 0.0)
DEBUG: ARM: ingestPosition LatLng(0.002, 0.0)
DEBUG: ARM: emitting state progress=1335.8338895192826
DEBUG: ARM: ingestPosition LatLng(0.006, 0.0)
DEBUG: ARM: ingestPosition LatLng(0.006, 0.0)
DEBUG: ARM: emitting state progress=1781.1118526923772
00:10 +62 ~1 -5: D:/GeoWake/test/tracking_service_connectivity_test.dart: TrackingService Connectivity Simulation Activates sensor fusion after GPS dropout and stops when GPS resumes
Γ₧í∩╕Å  Wait past dropout buffer to trigger fusion
00:10 +62 ~1 -5: D:/GeoWake/test/tracking_service_reroute_integration_test.dart: TrackingService deviation/reroute + manager integration Triggers sustained deviation and emits reroute decision; manager switches to nearby cached route
Γ₧í∩╕Å  Triggering an extra GPS update to finalize switching
DEBUG: ARM: ingestPosition LatLng(0.008, 0.0)
DEBUG: ARM: ingestPosition LatLng(0.008, 0.0)
DEBUG: ARM: emitting state progress=2003.7508342789242
00:10 +63 ~1 -5: D:/GeoWake/test/simulated_route_integration_test.dart: Simulated fast route with deviations triggers alarm and notifications
00:11 +63 ~1 -5: D:/GeoWake/test/tracking_service_reroute_integration_test.dart: TrackingService deviation/reroute + manager integration Triggers sustained deviation and emits reroute decision; manager switches to nearby cached route
Γä╣∩╕Å  Switches observed: [r1->r2]
Γä╣∩╕Å  Reroute decisions: []
Γ£à Manager switched or reroute policy fired as expected
00:11 +64 ~1 -5: D:/GeoWake/test/simulated_route_integration_test.dart: Simulated fast route with deviations triggers alarm and notifications
00:12 +65 ~1 -5: D:/GeoWake/test/tracking_service_connectivity_test.dart: TrackingService Connectivity Simulation Activates sensor fusion after GPS dropout and stops when GPS resumes
Γ₧í∩╕Å  GPS resumes; fusion should stop
00:14 +66 ~1 -5: Some tests failed.
